15:52:43 **** Build of configuration Debug for project Example01 ****
make -r all 
Building file: ../cr_startup_lpc17.c
Invoking: MCU C Compiler
arm-none-eabi-gcc -DDEBUG -D__USE_CMSIS=CMSISv2p00_LPC17xx -D__CODE_RED -D__REDLIB__ -I"C:\Users\samuelpereira\Documents\LPCXpresso_8.2.2_650\workspace_FreeRTOS\FreeRTOS_Library" -I"C:\Users\samuelpereira\Documents\LPCXpresso_8.2.2_650\workspace_FreeRTOS\FreeRTOS_Library\demo_code" -I"C:\Users\samuelpereira\Documents\LPCXpresso_8.2.2_650\workspace_FreeRTOS\CMSISv2p00_LPC17xx\inc" -I"C:\Users\samuelpereira\Documents\LPCXpresso_8.2.2_650\workspace_FreeRTOS\FreeRTOS_Library\include" -I"C:\Users\samuelpereira\Documents\LPCXpresso_8.2.2_650\workspace_FreeRTOS\FreeRTOS_Library\portable" -O1 -g3 -fsigned-char -c -fmessage-length=0 -fno-builtin -ffunction-sections -mcpu=cortex-m3 -mthumb -D__REDLIB__ -specs=redlib.specs -MMD -MP -MF"cr_startup_lpc17.d" -MT"cr_startup_lpc17.o" -MT"cr_startup_lpc17.d" -o "cr_startup_lpc17.o" "../cr_startup_lpc17.c"
Finished building: ../cr_startup_lpc17.c
 
Building file: ../main.c
Invoking: MCU C Compiler
arm-none-eabi-gcc -DDEBUG -D__USE_CMSIS=CMSISv2p00_LPC17xx -D__CODE_RED -D__REDLIB__ -I"C:\Users\samuelpereira\Documents\LPCXpresso_8.2.2_650\workspace_FreeRTOS\FreeRTOS_Library" -I"C:\Users\samuelpereira\Documents\LPCXpresso_8.2.2_650\workspace_FreeRTOS\FreeRTOS_Library\demo_code" -I"C:\Users\samuelpereira\Documents\LPCXpresso_8.2.2_650\workspace_FreeRTOS\CMSISv2p00_LPC17xx\inc" -I"C:\Users\samuelpereira\Documents\LPCXpresso_8.2.2_650\workspace_FreeRTOS\FreeRTOS_Library\include" -I"C:\Users\samuelpereira\Documents\LPCXpresso_8.2.2_650\workspace_FreeRTOS\FreeRTOS_Library\portable" -O1 -g3 -fsigned-char -c -fmessage-length=0 -fno-builtin -ffunction-sections -mcpu=cortex-m3 -mthumb -D__REDLIB__ -specs=redlib.specs -MMD -MP -MF"main.d" -MT"main.o" -MT"main.d" -o "main.o" "../main.c"
Finished building: ../main.c
 
Building target: Example01.axf
Invoking: MCU Linker
arm-none-eabi-gcc -nostdlib -L"C:\Users\samuelpereira\Documents\LPCXpresso_8.2.2_650\workspace_FreeRTOS\CMSISv2p00_LPC17xx\Debug" -L"C:\Users\samuelpereira\Documents\LPCXpresso_8.2.2_650\workspace_FreeRTOS\FreeRTOS_Library\Debug" -Xlinker --gc-sections -Xlinker -Map=Example01.map -mcpu=cortex-m3 -mthumb -T "Example01_Debug.ld" -o "Example01.axf"  ./cr_startup_lpc17.o ./main.o   -lCMSISv2p00_LPC17xx -lFreeRTOS_Library
Finished building target: Example01.axf
 
make --no-print-directory post-build
Performing post-build steps
arm-none-eabi-size Example01.axf; # arm-none-eabi-objcopy -O ihex Example01.axf Example01.hex ;
   text	   data	    bss	    dec	    hex	filename
  14792	      4	  10916	  25712	   6470	Example01.axf
 

15:52:45 Build Finished (took 1s.876ms)

