14:57:15 **** Build of configuration Debug for project CMSISv2p00_LPC17xx ****
make -r all 
Building file: ../src/core_cm3.c
Invoking: MCU C Compiler
arm-none-eabi-gcc -D__REDLIB__ -DDEBUG -D__CODE_RED -I../inc -O0 -Os -g3 -Wall -c -fmessage-length=0 -fno-builtin -ffunction-sections -fdata-sections -mcpu=cortex-m3 -mthumb -D__REDLIB__ -specs=redlib.specs -MMD -MP -MF"src/core_cm3.d" -MT"src/core_cm3.o" -MT"src/core_cm3.d" -o "src/core_cm3.o" "../src/core_cm3.c"
Finished building: ../src/core_cm3.c
 
Building file: ../src/system_LPC17xx.c
Invoking: MCU C Compiler
arm-none-eabi-gcc -D__REDLIB__ -DDEBUG -D__CODE_RED -I../inc -O0 -Os -g3 -Wall -c -fmessage-length=0 -fno-builtin -ffunction-sections -fdata-sections -mcpu=cortex-m3 -mthumb -D__REDLIB__ -specs=redlib.specs -MMD -MP -MF"src/system_LPC17xx.d" -MT"src/system_LPC17xx.o" -MT"src/system_LPC17xx.d" -o "src/system_LPC17xx.o" "../src/system_LPC17xx.c"
Finished building: ../src/system_LPC17xx.c
 
Building target: libCMSISv2p00_LPC17xx.a
Invoking: MCU Archiver
arm-none-eabi-ar -r  "libCMSISv2p00_LPC17xx.a"  ./src/core_cm3.o ./src/system_LPC17xx.o   
c:\nxp\LPCXpresso_8.2.2_650\lpcxpresso\tools\bin\arm-none-eabi-ar.exe: creating libCMSISv2p00_LPC17xx.a
Finished building target: libCMSISv2p00_LPC17xx.a
 
make --no-print-directory post-build
Performing post-build steps
arm-none-eabi-size libCMSISv2p00_LPC17xx.a ; # arm-none-eabi-objdump -h -S libCMSISv2p00_LPC17xx.a >libCMSISv2p00_LPC17xx.lss
   text	   data	    bss	    dec	    hex	filename
      0	      0	      0	      0	      0	core_cm3.o (ex libCMSISv2p00_LPC17xx.a)
    408	      4	      0	    412	    19c	system_LPC17xx.o (ex libCMSISv2p00_LPC17xx.a)
 
14:57:22 **** Build of configuration Debug for project FreeRTOS_Library ****
make -r all 
Building file: ../portable/heap_2.c
Invoking: MCU C Compiler
arm-none-eabi-gcc -D__REDLIB__ -I"C:\Users\samuelpereira\Documents\LPCXpresso_8.2.2_650\workspace_FreeRTOS\CMSISv2p00_LPC17xx" -I"C:\Users\samuelpereira\Documents\LPCXpresso_8.2.2_650\workspace_FreeRTOS\FreeRTOS_Library\include" -I"C:\Users\samuelpereira\Documents\LPCXpresso_8.2.2_650\workspace_FreeRTOS\CMSISv2p00_LPC17xx\inc" -I"C:\Users\samuelpereira\Documents\LPCXpresso_8.2.2_650\workspace_FreeRTOS\FreeRTOS_Library\portable" -I"C:\Users\samuelpereira\Documents\LPCXpresso_8.2.2_650\workspace_FreeRTOS\FreeRTOS_Library\demo_code" -O1 -g3 -Wall -c -fmessage-length=0 -mcpu=cortex-m3 -mthumb -D__REDLIB__ -specs=redlib.specs -MMD -MP -MF"portable/heap_2.d" -MT"portable/heap_2.o" -MT"portable/heap_2.d" -o "portable/heap_2.o" "../portable/heap_2.c"
Finished building: ../portable/heap_2.c
 
Building file: ../portable/port.c
Invoking: MCU C Compiler
arm-none-eabi-gcc -D__REDLIB__ -I"C:\Users\samuelpereira\Documents\LPCXpresso_8.2.2_650\workspace_FreeRTOS\CMSISv2p00_LPC17xx" -I"C:\Users\samuelpereira\Documents\LPCXpresso_8.2.2_650\workspace_FreeRTOS\FreeRTOS_Library\include" -I"C:\Users\samuelpereira\Documents\LPCXpresso_8.2.2_650\workspace_FreeRTOS\CMSISv2p00_LPC17xx\inc" -I"C:\Users\samuelpereira\Documents\LPCXpresso_8.2.2_650\workspace_FreeRTOS\FreeRTOS_Library\portable" -I"C:\Users\samuelpereira\Documents\LPCXpresso_8.2.2_650\workspace_FreeRTOS\FreeRTOS_Library\demo_code" -O1 -g3 -Wall -c -fmessage-length=0 -mcpu=cortex-m3 -mthumb -D__REDLIB__ -specs=redlib.specs -MMD -MP -MF"portable/port.d" -MT"portable/port.o" -MT"portable/port.d" -o "portable/port.o" "../portable/port.c"
Finished building: ../portable/port.c
 
Building file: ../demo_code/basic_io.c
Invoking: MCU C Compiler
arm-none-eabi-gcc -D__REDLIB__ -I"C:\Users\samuelpereira\Documents\LPCXpresso_8.2.2_650\workspace_FreeRTOS\CMSISv2p00_LPC17xx" -I"C:\Users\samuelpereira\Documents\LPCXpresso_8.2.2_650\workspace_FreeRTOS\FreeRTOS_Library\include" -I"C:\Users\samuelpereira\Documents\LPCXpresso_8.2.2_650\workspace_FreeRTOS\CMSISv2p00_LPC17xx\inc" -I"C:\Users\samuelpereira\Documents\LPCXpresso_8.2.2_650\workspace_FreeRTOS\FreeRTOS_Library\portable" -I"C:\Users\samuelpereira\Documents\LPCXpresso_8.2.2_650\workspace_FreeRTOS\FreeRTOS_Library\demo_code" -O1 -g3 -Wall -c -fmessage-length=0 -mcpu=cortex-m3 -mthumb -D__REDLIB__ -specs=redlib.specs -MMD -MP -MF"demo_code/basic_io.d" -MT"demo_code/basic_io.o" -MT"demo_code/basic_io.d" -o "demo_code/basic_io.o" "../demo_code/basic_io.c"
Finished building: ../demo_code/basic_io.c
 
Building file: ../demo_code/consoleprint.c
Invoking: MCU C Compiler
arm-none-eabi-gcc -D__REDLIB__ -I"C:\Users\samuelpereira\Documents\LPCXpresso_8.2.2_650\workspace_FreeRTOS\CMSISv2p00_LPC17xx" -I"C:\Users\samuelpereira\Documents\LPCXpresso_8.2.2_650\workspace_FreeRTOS\FreeRTOS_Library\include" -I"C:\Users\samuelpereira\Documents\LPCXpresso_8.2.2_650\workspace_FreeRTOS\CMSISv2p00_LPC17xx\inc" -I"C:\Users\samuelpereira\Documents\LPCXpresso_8.2.2_650\workspace_FreeRTOS\FreeRTOS_Library\portable" -I"C:\Users\samuelpereira\Documents\LPCXpresso_8.2.2_650\workspace_FreeRTOS\FreeRTOS_Library\demo_code" -O1 -g3 -Wall -c -fmessage-length=0 -mcpu=cortex-m3 -mthumb -D__REDLIB__ -specs=redlib.specs -MMD -MP -MF"demo_code/consoleprint.d" -MT"demo_code/consoleprint.o" -MT"demo_code/consoleprint.d" -o "demo_code/consoleprint.o" "../demo_code/consoleprint.c"
Finished building: ../demo_code/consoleprint.c
 
Building file: ../list.c
Invoking: MCU C Compiler
arm-none-eabi-gcc -D__REDLIB__ -I"C:\Users\samuelpereira\Documents\LPCXpresso_8.2.2_650\workspace_FreeRTOS\CMSISv2p00_LPC17xx" -I"C:\Users\samuelpereira\Documents\LPCXpresso_8.2.2_650\workspace_FreeRTOS\FreeRTOS_Library\include" -I"C:\Users\samuelpereira\Documents\LPCXpresso_8.2.2_650\workspace_FreeRTOS\CMSISv2p00_LPC17xx\inc" -I"C:\Users\samuelpereira\Documents\LPCXpresso_8.2.2_650\workspace_FreeRTOS\FreeRTOS_Library\portable" -I"C:\Users\samuelpereira\Documents\LPCXpresso_8.2.2_650\workspace_FreeRTOS\FreeRTOS_Library\demo_code" -O1 -g3 -Wall -c -fmessage-length=0 -mcpu=cortex-m3 -mthumb -D__REDLIB__ -specs=redlib.specs -MMD -MP -MF"list.d" -MT"list.o" -MT"list.d" -o "list.o" "../list.c"
Finished building: ../list.c
 
Building file: ../queue.c
Invoking: MCU C Compiler
arm-none-eabi-gcc -D__REDLIB__ -I"C:\Users\samuelpereira\Documents\LPCXpresso_8.2.2_650\workspace_FreeRTOS\CMSISv2p00_LPC17xx" -I"C:\Users\samuelpereira\Documents\LPCXpresso_8.2.2_650\workspace_FreeRTOS\FreeRTOS_Library\include" -I"C:\Users\samuelpereira\Documents\LPCXpresso_8.2.2_650\workspace_FreeRTOS\CMSISv2p00_LPC17xx\inc" -I"C:\Users\samuelpereira\Documents\LPCXpresso_8.2.2_650\workspace_FreeRTOS\FreeRTOS_Library\portable" -I"C:\Users\samuelpereira\Documents\LPCXpresso_8.2.2_650\workspace_FreeRTOS\FreeRTOS_Library\demo_code" -O1 -g3 -Wall -c -fmessage-length=0 -mcpu=cortex-m3 -mthumb -D__REDLIB__ -specs=redlib.specs -MMD -MP -MF"queue.d" -MT"queue.o" -MT"queue.d" -o "queue.o" "../queue.c"
Finished building: ../queue.c
 
Building file: ../tasks.c
Invoking: MCU C Compiler
arm-none-eabi-gcc -D__REDLIB__ -I"C:\Users\samuelpereira\Documents\LPCXpresso_8.2.2_650\workspace_FreeRTOS\CMSISv2p00_LPC17xx" -I"C:\Users\samuelpereira\Documents\LPCXpresso_8.2.2_650\workspace_FreeRTOS\FreeRTOS_Library\include" -I"C:\Users\samuelpereira\Documents\LPCXpresso_8.2.2_650\workspace_FreeRTOS\CMSISv2p00_LPC17xx\inc" -I"C:\Users\samuelpereira\Documents\LPCXpresso_8.2.2_650\workspace_FreeRTOS\FreeRTOS_Library\portable" -I"C:\Users\samuelpereira\Documents\LPCXpresso_8.2.2_650\workspace_FreeRTOS\FreeRTOS_Library\demo_code" -O1 -g3 -Wall -c -fmessage-length=0 -mcpu=cortex-m3 -mthumb -D__REDLIB__ -specs=redlib.specs -MMD -MP -MF"tasks.d" -MT"tasks.o" -MT"tasks.d" -o "tasks.o" "../tasks.c"
Finished building: ../tasks.c
 
Building target: libFreeRTOS_Library.a
Invoking: MCU Archiver
arm-none-eabi-ar -r  "libFreeRTOS_Library.a"  ./portable/heap_2.o ./portable/port.o  ./demo_code/basic_io.o ./demo_code/consoleprint.o  ./list.o ./queue.o ./tasks.o   
c:\nxp\LPCXpresso_8.2.2_650\lpcxpresso\tools\bin\arm-none-eabi-ar.exe: creating libFreeRTOS_Library.a
Finished building target: libFreeRTOS_Library.a
 
make --no-print-directory post-build
Performing post-build steps
arm-none-eabi-size libFreeRTOS_Library.a ; # arm-none-eabi-objdump -h -S libFreeRTOS_Library.a >libFreeRTOS_Library.lss
   text	   data	    bss	    dec	    hex	filename
    300	      0	  10268	  10568	   2948	heap_2.o (ex libFreeRTOS_Library.a)
    304	      4	      0	    308	    134	port.o (ex libFreeRTOS_Library.a)
     88	      0	     50	    138	     8a	basic_io.o (ex libFreeRTOS_Library.a)
     20	      0	      0	     20	     14	consoleprint.o (ex libFreeRTOS_Library.a)
    156	      0	      0	    156	     9c	list.o (ex libFreeRTOS_Library.a)
   1184	      0	      0	   1184	    4a0	queue.o (ex libFreeRTOS_Library.a)
   2673	      0	    256	   2929	    b71	tasks.o (ex libFreeRTOS_Library.a)
 
14:57:27 **** Incremental Build of configuration Debug for project CMSISv2p00_LPC17xx ****
make -r all 
make: Nothing to be done for `all'.
14:57:27 **** Incremental Build of configuration Debug for project FreeRTOS_Library ****
make -r all 
make: Nothing to be done for `all'.
14:57:28 **** Build of configuration Debug for project Example01 ****
make -r all 
Building file: ../cr_startup_lpc17.c
Invoking: MCU C Compiler
arm-none-eabi-gcc -DDEBUG -D__USE_CMSIS=CMSISv1p30_LPC17xx -D__CODE_RED -D__REDLIB__ -I"C:\Users\samuelpereira\Documents\LPCXpresso_8.2.2_650\workspace_FreeRTOS\FreeRTOS_Library" -I"C:\Users\samuelpereira\Documents\LPCXpresso_8.2.2_650\workspace_FreeRTOS\CMSISv2p00_LPC17xx" -I"C:\Users\samuelpereira\Documents\LPCXpresso_8.2.2_650\workspace_FreeRTOS\FreeRTOS_Library\demo_code" -I"C:\Users\samuelpereira\Documents\LPCXpresso_8.2.2_650\workspace_FreeRTOS\CMSISv2p00_LPC17xx\inc" -I"C:\Users\samuelpereira\Documents\LPCXpresso_8.2.2_650\workspace_FreeRTOS\FreeRTOS_Library\include" -I"C:\Users\samuelpereira\Documents\LPCXpresso_8.2.2_650\workspace_FreeRTOS\FreeRTOS_Library\portable" -O1 -g3 -fsigned-char -c -fmessage-length=0 -fno-builtin -ffunction-sections -mcpu=cortex-m3 -mthumb -D__REDLIB__ -specs=redlib.specs -MMD -MP -MF"cr_startup_lpc17.d" -MT"cr_startup_lpc17.o" -MT"cr_startup_lpc17.d" -o "cr_startup_lpc17.o" "../cr_startup_lpc17.c"
Finished building: ../cr_startup_lpc17.c
 
Building file: ../main.c
Invoking: MCU C Compiler
arm-none-eabi-gcc -DDEBUG -D__USE_CMSIS=CMSISv1p30_LPC17xx -D__CODE_RED -D__REDLIB__ -I"C:\Users\samuelpereira\Documents\LPCXpresso_8.2.2_650\workspace_FreeRTOS\FreeRTOS_Library" -I"C:\Users\samuelpereira\Documents\LPCXpresso_8.2.2_650\workspace_FreeRTOS\CMSISv2p00_LPC17xx" -I"C:\Users\samuelpereira\Documents\LPCXpresso_8.2.2_650\workspace_FreeRTOS\FreeRTOS_Library\demo_code" -I"C:\Users\samuelpereira\Documents\LPCXpresso_8.2.2_650\workspace_FreeRTOS\CMSISv2p00_LPC17xx\inc" -I"C:\Users\samuelpereira\Documents\LPCXpresso_8.2.2_650\workspace_FreeRTOS\FreeRTOS_Library\include" -I"C:\Users\samuelpereira\Documents\LPCXpresso_8.2.2_650\workspace_FreeRTOS\FreeRTOS_Library\portable" -O1 -g3 -fsigned-char -c -fmessage-length=0 -fno-builtin -ffunction-sections -mcpu=cortex-m3 -mthumb -D__REDLIB__ -specs=redlib.specs -MMD -MP -MF"main.d" -MT"main.o" -MT"main.d" -o "main.o" "../main.c"
../main.c: In function 'main':
../main.c:52:2: warning: implicit declaration of function 'printf' [-Wimplicit-function-declaration]
  printf( "\n" );
  ^
Finished building: ../main.c
 
Building target: Example01.axf
Invoking: MCU Linker
arm-none-eabi-gcc -nostdlib -L"C:\Users\samuelpereira\Documents\LPCXpresso_8.2.2_650\workspace_FreeRTOS\CMSISv2p00_LPC17xx\Debug" -L"C:\Users\samuelpereira\Documents\LPCXpresso_8.2.2_650\workspace_FreeRTOS\FreeRTOS_Library\Debug" -Xlinker --gc-sections -Xlinker -Map=Example01.map -mcpu=cortex-m3 -mthumb -T "example01_Debug.ld" -o "Example01.axf"  ./cr_startup_lpc17.o ./main.o   -lCMSISv2p00_LPC17xx -lFreeRTOS_Library
Finished building target: Example01.axf
 
make --no-print-directory post-build
Performing post-build steps
arm-none-eabi-size Example01.axf; # arm-none-eabi-objcopy -O ihex Example01.axf Example01.hex ;
   text	   data	    bss	    dec	    hex	filename
  14792	      4	  10916	  25712	   6470	Example01.axf
 
14:57:42 **** Incremental Build of configuration Debug for project CMSISv2p00_LPC17xx ****
make -r all 
make: Nothing to be done for `all'.
14:57:43 **** Incremental Build of configuration Debug for project FreeRTOS_Library ****
make -r all 
make: Nothing to be done for `all'.
14:57:44 **** Incremental Build of configuration Debug for project CMSISv2p00_LPC17xx ****
make -r all 
make: Nothing to be done for `all'.
14:57:44 **** Incremental Build of configuration Debug for project FreeRTOS_Library ****
make -r all 
make: Nothing to be done for `all'.
14:57:44 **** Incremental Build of configuration Debug for project Example01 ****
make -r all 
make: Nothing to be done for `all'.
14:57:46 **** Incremental Build of configuration Debug for project CMSISv2p00_LPC17xx ****
make -r all 
make: Nothing to be done for `all'.
14:57:46 **** Incremental Build of configuration Debug for project FreeRTOS_Library ****
make -r all 
make: Nothing to be done for `all'.
14:57:46 **** Incremental Build of configuration Debug for project Example01 ****
make -r all 
make: Nothing to be done for `all'.
15:09:26 **** Incremental Build of configuration Debug for project CMSISv2p00_LPC17xx ****
make -r all 
make: Nothing to be done for `all'.
15:09:29 **** Incremental Build of configuration Debug for project FreeRTOS_Library ****
make -r all 
make: Nothing to be done for `all'.
15:09:30 **** Incremental Build of configuration Debug for project CMSISv2p00_LPC17xx ****
make -r all 
make: Nothing to be done for `all'.
15:09:30 **** Incremental Build of configuration Debug for project FreeRTOS_Library ****
make -r all 
make: Nothing to be done for `all'.
15:09:30 **** Incremental Build of configuration Debug for project Example01 ****
make -r all 
Building file: ../cr_startup_lpc17.c
Invoking: MCU C Compiler
arm-none-eabi-gcc -DDEBUG -D__USE_CMSIS=CMSISv2p00_LPC17xx -D__CODE_RED -D__REDLIB__ -I"C:\Users\samuelpereira\Documents\LPCXpresso_8.2.2_650\workspace_FreeRTOS\FreeRTOS_Library" -I"C:\Users\samuelpereira\Documents\LPCXpresso_8.2.2_650\workspace_FreeRTOS\FreeRTOS_Library\demo_code" -I"C:\Users\samuelpereira\Documents\LPCXpresso_8.2.2_650\workspace_FreeRTOS\CMSISv2p00_LPC17xx\inc" -I"C:\Users\samuelpereira\Documents\LPCXpresso_8.2.2_650\workspace_FreeRTOS\FreeRTOS_Library\include" -I"C:\Users\samuelpereira\Documents\LPCXpresso_8.2.2_650\workspace_FreeRTOS\FreeRTOS_Library\portable" -O1 -g3 -fsigned-char -c -fmessage-length=0 -fno-builtin -ffunction-sections -mcpu=cortex-m3 -mthumb -D__REDLIB__ -specs=redlib.specs -MMD -MP -MF"cr_startup_lpc17.d" -MT"cr_startup_lpc17.o" -MT"cr_startup_lpc17.d" -o "cr_startup_lpc17.o" "../cr_startup_lpc17.c"
Finished building: ../cr_startup_lpc17.c
 
Building file: ../main.c
Invoking: MCU C Compiler
arm-none-eabi-gcc -DDEBUG -D__USE_CMSIS=CMSISv2p00_LPC17xx -D__CODE_RED -D__REDLIB__ -I"C:\Users\samuelpereira\Documents\LPCXpresso_8.2.2_650\workspace_FreeRTOS\FreeRTOS_Library" -I"C:\Users\samuelpereira\Documents\LPCXpresso_8.2.2_650\workspace_FreeRTOS\FreeRTOS_Library\demo_code" -I"C:\Users\samuelpereira\Documents\LPCXpresso_8.2.2_650\workspace_FreeRTOS\CMSISv2p00_LPC17xx\inc" -I"C:\Users\samuelpereira\Documents\LPCXpresso_8.2.2_650\workspace_FreeRTOS\FreeRTOS_Library\include" -I"C:\Users\samuelpereira\Documents\LPCXpresso_8.2.2_650\workspace_FreeRTOS\FreeRTOS_Library\portable" -O1 -g3 -fsigned-char -c -fmessage-length=0 -fno-builtin -ffunction-sections -mcpu=cortex-m3 -mthumb -D__REDLIB__ -specs=redlib.specs -MMD -MP -MF"main.d" -MT"main.o" -MT"main.d" -o "main.o" "../main.c"
../main.c: In function 'main':
../main.c:52:2: warning: implicit declaration of function 'printf' [-Wimplicit-function-declaration]
  printf( "\n" );
  ^
Finished building: ../main.c
 
Building target: Example01.axf
Invoking: MCU Linker
arm-none-eabi-gcc -nostdlib -L"C:\Users\samuelpereira\Documents\LPCXpresso_8.2.2_650\workspace_FreeRTOS\CMSISv2p00_LPC17xx\Debug" -L"C:\Users\samuelpereira\Documents\LPCXpresso_8.2.2_650\workspace_FreeRTOS\FreeRTOS_Library\Debug" -Xlinker --gc-sections -Xlinker -Map=Example01.map -mcpu=cortex-m3 -mthumb -T "example01_Debug.ld" -o "Example01.axf"  ./cr_startup_lpc17.o ./main.o   -lCMSISv2p00_LPC17xx -lFreeRTOS_Library
Finished building target: Example01.axf
 
make --no-print-directory post-build
Performing post-build steps
arm-none-eabi-size Example01.axf; # arm-none-eabi-objcopy -O ihex Example01.axf Example01.hex ;
   text	   data	    bss	    dec	    hex	filename
  14792	      4	  10916	  25712	   6470	Example01.axf
 
15:10:09 **** Incremental Build of configuration Debug for project CMSISv2p00_LPC17xx ****
make -r all 
make: Nothing to be done for `all'.
15:10:13 **** Incremental Build of configuration Debug for project FreeRTOS_Library ****
make -r all 
make: Nothing to be done for `all'.
15:10:13 **** Incremental Build of configuration Debug for project CMSISv2p00_LPC17xx ****
make -r all 
make: Nothing to be done for `all'.
15:10:14 **** Incremental Build of configuration Debug for project FreeRTOS_Library ****
make -r all 
make: Nothing to be done for `all'.
15:10:14 **** Incremental Build of configuration Debug for project Example01 ****
make -r all 
Building file: ../main.c
Invoking: MCU C Compiler
arm-none-eabi-gcc -DDEBUG -D__USE_CMSIS=CMSISv2p00_LPC17xx -D__CODE_RED -D__REDLIB__ -I"C:\Users\samuelpereira\Documents\LPCXpresso_8.2.2_650\workspace_FreeRTOS\FreeRTOS_Library" -I"C:\Users\samuelpereira\Documents\LPCXpresso_8.2.2_650\workspace_FreeRTOS\FreeRTOS_Library\demo_code" -I"C:\Users\samuelpereira\Documents\LPCXpresso_8.2.2_650\workspace_FreeRTOS\CMSISv2p00_LPC17xx\inc" -I"C:\Users\samuelpereira\Documents\LPCXpresso_8.2.2_650\workspace_FreeRTOS\FreeRTOS_Library\include" -I"C:\Users\samuelpereira\Documents\LPCXpresso_8.2.2_650\workspace_FreeRTOS\FreeRTOS_Library\portable" -O1 -g3 -fsigned-char -c -fmessage-length=0 -fno-builtin -ffunction-sections -mcpu=cortex-m3 -mthumb -D__REDLIB__ -specs=redlib.specs -MMD -MP -MF"main.d" -MT"main.o" -MT"main.d" -o "main.o" "../main.c"
Finished building: ../main.c
 
Building target: Example01.axf
Invoking: MCU Linker
arm-none-eabi-gcc -nostdlib -L"C:\Users\samuelpereira\Documents\LPCXpresso_8.2.2_650\workspace_FreeRTOS\CMSISv2p00_LPC17xx\Debug" -L"C:\Users\samuelpereira\Documents\LPCXpresso_8.2.2_650\workspace_FreeRTOS\FreeRTOS_Library\Debug" -Xlinker --gc-sections -Xlinker -Map=Example01.map -mcpu=cortex-m3 -mthumb -T "example01_Debug.ld" -o "Example01.axf"  ./cr_startup_lpc17.o ./main.o   -lCMSISv2p00_LPC17xx -lFreeRTOS_Library
Finished building target: Example01.axf
 
make --no-print-directory post-build
Performing post-build steps
arm-none-eabi-size Example01.axf; # arm-none-eabi-objcopy -O ihex Example01.axf Example01.hex ;
   text	   data	    bss	    dec	    hex	filename
  14792	      4	  10916	  25712	   6470	Example01.axf
 
15:10:29 **** Incremental Build of configuration Debug for project CMSISv2p00_LPC17xx ****
make -r all 
make: Nothing to be done for `all'.
15:10:30 **** Incremental Build of configuration Debug for project FreeRTOS_Library ****
make -r all 
make: Nothing to be done for `all'.
15:10:31 **** Incremental Build of configuration Debug for project CMSISv2p00_LPC17xx ****
make -r all 
make: Nothing to be done for `all'.
15:10:31 **** Incremental Build of configuration Debug for project FreeRTOS_Library ****
make -r all 
make: Nothing to be done for `all'.
15:10:31 **** Build of configuration Debug for project Example02 ****
make -r all 
Building file: ../cr_startup_lpc17.c
Invoking: MCU C Compiler
arm-none-eabi-gcc -DDEBUG -D__USE_CMSIS=CMSISv2p00_LPC17xx -D__CODE_RED -D__REDLIB__ -I"C:\Users\samuelpereira\Documents\LPCXpresso_8.2.2_650\workspace_FreeRTOS\FreeRTOS_Library" -I"C:\Users\samuelpereira\Documents\LPCXpresso_8.2.2_650\workspace_FreeRTOS\CMSISv2p00_LPC17xx\inc" -I"C:\Users\samuelpereira\Documents\LPCXpresso_8.2.2_650\workspace_FreeRTOS\FreeRTOS_Library\demo_code" -I"C:\Users\samuelpereira\Documents\LPCXpresso_8.2.2_650\workspace_FreeRTOS\FreeRTOS_Library\include" -I"C:\Users\samuelpereira\Documents\LPCXpresso_8.2.2_650\workspace_FreeRTOS\FreeRTOS_Library\portable" -O0 -g3 -fsigned-char -c -fmessage-length=0 -fno-builtin -ffunction-sections -mcpu=cortex-m3 -mthumb -D__REDLIB__ -specs=redlib.specs -MMD -MP -MF"cr_startup_lpc17.d" -MT"cr_startup_lpc17.o" -MT"cr_startup_lpc17.d" -o "cr_startup_lpc17.o" "../cr_startup_lpc17.c"
Finished building: ../cr_startup_lpc17.c
 
Building file: ../main.c
Invoking: MCU C Compiler
arm-none-eabi-gcc -DDEBUG -D__USE_CMSIS=CMSISv2p00_LPC17xx -D__CODE_RED -D__REDLIB__ -I"C:\Users\samuelpereira\Documents\LPCXpresso_8.2.2_650\workspace_FreeRTOS\FreeRTOS_Library" -I"C:\Users\samuelpereira\Documents\LPCXpresso_8.2.2_650\workspace_FreeRTOS\CMSISv2p00_LPC17xx\inc" -I"C:\Users\samuelpereira\Documents\LPCXpresso_8.2.2_650\workspace_FreeRTOS\FreeRTOS_Library\demo_code" -I"C:\Users\samuelpereira\Documents\LPCXpresso_8.2.2_650\workspace_FreeRTOS\FreeRTOS_Library\include" -I"C:\Users\samuelpereira\Documents\LPCXpresso_8.2.2_650\workspace_FreeRTOS\FreeRTOS_Library\portable" -O0 -g3 -fsigned-char -c -fmessage-length=0 -fno-builtin -ffunction-sections -mcpu=cortex-m3 -mthumb -D__REDLIB__ -specs=redlib.specs -MMD -MP -MF"main.d" -MT"main.o" -MT"main.d" -o "main.o" "../main.c"
Finished building: ../main.c
 
Building target: Example02.axf
Invoking: MCU Linker
arm-none-eabi-gcc -nostdlib -L"C:\Users\samuelpereira\Documents\LPCXpresso_8.2.2_650\workspace_FreeRTOS\CMSISv2p00_LPC17xx\Debug" -L"C:\Users\samuelpereira\Documents\LPCXpresso_8.2.2_650\workspace_FreeRTOS\FreeRTOS_Library\Debug" -Xlinker --gc-sections -Xlinker -Map=Example02.map -mcpu=cortex-m3 -mthumb -T "Example02_Debug.ld" -o "Example02.axf"  ./cr_startup_lpc17.o ./main.o   -lCMSISv1p30_LPC17xx -lFreeRTOS_Library
c:/nxp/lpcxpresso_8.2.2_650/lpcxpresso/tools/bin/../lib/gcc/arm-none-eabi/5.4.1/../../../../arm-none-eabi/bin/ld.exe: cannot find -lCMSISv1p30_LPC17xx
collect2.exe: error: ld returned 1 exit status
make: *** [Example02.axf] Error 1
15:11:19 **** Incremental Build of configuration Debug for project CMSISv2p00_LPC17xx ****
make -r all 
make: Nothing to be done for `all'.
15:11:23 **** Incremental Build of configuration Debug for project FreeRTOS_Library ****
make -r all 
make: Nothing to be done for `all'.
15:11:23 **** Incremental Build of configuration Debug for project CMSISv2p00_LPC17xx ****
make -r all 
make: Nothing to be done for `all'.
15:11:23 **** Incremental Build of configuration Debug for project FreeRTOS_Library ****
make -r all 
make: Nothing to be done for `all'.
15:11:24 **** Incremental Build of configuration Debug for project Example02 ****
make -r all 
Building target: Example02.axf
Invoking: MCU Linker
arm-none-eabi-gcc -nostdlib -L"C:\Users\samuelpereira\Documents\LPCXpresso_8.2.2_650\workspace_FreeRTOS\CMSISv2p00_LPC17xx\Debug" -L"C:\Users\samuelpereira\Documents\LPCXpresso_8.2.2_650\workspace_FreeRTOS\FreeRTOS_Library\Debug" -Xlinker --gc-sections -Xlinker -Map=Example02.map -mcpu=cortex-m3 -mthumb -T "Example02_Debug.ld" -o "Example02.axf"  ./cr_startup_lpc17.o ./main.o   -lCMSISv1p30_LPC17xx -lFreeRTOS_Library
c:/nxp/lpcxpresso_8.2.2_650/lpcxpresso/tools/bin/../lib/gcc/arm-none-eabi/5.4.1/../../../../arm-none-eabi/bin/ld.exe: cannot find -lCMSISv1p30_LPC17xx
collect2.exe: error: ld returned 1 exit status
make: *** [Example02.axf] Error 1
15:14:00 **** Incremental Build of configuration Debug for project CMSISv2p00_LPC17xx ****
make -r all 
make: Nothing to be done for `all'.
15:14:04 **** Incremental Build of configuration Debug for project FreeRTOS_Library ****
make -r all 
make: Nothing to be done for `all'.
15:21:26 **** Clean-only build of configuration Debug for project CMSISv2p00_LPC17xx ****
make -r clean 
rm -rf  ./src/core_cm3.o ./src/system_LPC17xx.o  ./src/core_cm3.d ./src/system_LPC17xx.d  libCMSISv2p00_LPC17xx.a
 
15:21:26 **** Clean-only build of configuration Debug for project FreeRTOS_Library ****
make -r clean 
rm -rf  ./portable/heap_2.o ./portable/port.o  ./demo_code/basic_io.o ./demo_code/consoleprint.o  ./list.o ./queue.o ./tasks.o  ./portable/heap_2.d ./portable/port.d  ./demo_code/basic_io.d ./demo_code/consoleprint.d  ./list.d ./queue.d ./tasks.d  libFreeRTOS_Library.a
 
15:21:26 **** Clean-only build of configuration Debug for project Example02 ****
make -r clean 
rm -rf  ./cr_startup_lpc17.o ./main.o  ./cr_startup_lpc17.d ./main.d  Example02.axf
 
15:23:07 **** Build of configuration Debug for project CMSISv2p00_LPC17xx ****
make -r all 
Building file: ../src/core_cm3.c
Invoking: MCU C Compiler
arm-none-eabi-gcc -D__REDLIB__ -DDEBUG -D__CODE_RED -I../inc -O0 -Os -g3 -Wall -c -fmessage-length=0 -fno-builtin -ffunction-sections -fdata-sections -mcpu=cortex-m3 -mthumb -D__REDLIB__ -specs=redlib.specs -MMD -MP -MF"src/core_cm3.d" -MT"src/core_cm3.o" -MT"src/core_cm3.d" -o "src/core_cm3.o" "../src/core_cm3.c"
Finished building: ../src/core_cm3.c
 
Building file: ../src/system_LPC17xx.c
Invoking: MCU C Compiler
arm-none-eabi-gcc -D__REDLIB__ -DDEBUG -D__CODE_RED -I../inc -O0 -Os -g3 -Wall -c -fmessage-length=0 -fno-builtin -ffunction-sections -fdata-sections -mcpu=cortex-m3 -mthumb -D__REDLIB__ -specs=redlib.specs -MMD -MP -MF"src/system_LPC17xx.d" -MT"src/system_LPC17xx.o" -MT"src/system_LPC17xx.d" -o "src/system_LPC17xx.o" "../src/system_LPC17xx.c"
Finished building: ../src/system_LPC17xx.c
 
Building target: libCMSISv2p00_LPC17xx.a
Invoking: MCU Archiver
arm-none-eabi-ar -r  "libCMSISv2p00_LPC17xx.a"  ./src/core_cm3.o ./src/system_LPC17xx.o   
c:\nxp\LPCXpresso_8.2.2_650\lpcxpresso\tools\bin\arm-none-eabi-ar.exe: creating libCMSISv2p00_LPC17xx.a
Finished building target: libCMSISv2p00_LPC17xx.a
 
make --no-print-directory post-build
Performing post-build steps
arm-none-eabi-size libCMSISv2p00_LPC17xx.a ; # arm-none-eabi-objdump -h -S libCMSISv2p00_LPC17xx.a >libCMSISv2p00_LPC17xx.lss
   text	   data	    bss	    dec	    hex	filename
      0	      0	      0	      0	      0	core_cm3.o (ex libCMSISv2p00_LPC17xx.a)
    408	      4	      0	    412	    19c	system_LPC17xx.o (ex libCMSISv2p00_LPC17xx.a)
 
15:23:09 **** Incremental Build of configuration Debug for project CMSISv2p00_LPC17xx ****
make -r all 
make: Nothing to be done for `all'.
15:23:09 **** Clean-only build of configuration Debug for project FreeRTOS_Library ****
make -r clean 
rm -rf  ./portable/heap_2.o ./portable/port.o  ./demo_code/basic_io.o ./demo_code/consoleprint.o  ./list.o ./queue.o ./tasks.o  ./portable/heap_2.d ./portable/port.d  ./demo_code/basic_io.d ./demo_code/consoleprint.d  ./list.d ./queue.d ./tasks.d  libFreeRTOS_Library.a
 
15:23:09 **** Build of configuration Debug for project FreeRTOS_Library ****
make -r all 
Building file: ../portable/heap_2.c
Invoking: MCU C Compiler
arm-none-eabi-gcc -D__REDLIB__ -I"C:\Users\samuelpereira\Documents\LPCXpresso_8.2.2_650\workspace_FreeRTOS\CMSISv2p00_LPC17xx\inc" -I"C:\Users\samuelpereira\Documents\LPCXpresso_8.2.2_650\workspace_FreeRTOS\FreeRTOS_Library\include" -I"C:\Users\samuelpereira\Documents\LPCXpresso_8.2.2_650\workspace_FreeRTOS\FreeRTOS_Library\portable" -I"C:\Users\samuelpereira\Documents\LPCXpresso_8.2.2_650\workspace_FreeRTOS\FreeRTOS_Library\demo_code" -O1 -g3 -Wall -c -fmessage-length=0 -mcpu=cortex-m3 -mthumb -D__REDLIB__ -specs=redlib.specs -MMD -MP -MF"portable/heap_2.d" -MT"portable/heap_2.o" -MT"portable/heap_2.d" -o "portable/heap_2.o" "../portable/heap_2.c"
Finished building: ../portable/heap_2.c
 
Building file: ../portable/port.c
Invoking: MCU C Compiler
arm-none-eabi-gcc -D__REDLIB__ -I"C:\Users\samuelpereira\Documents\LPCXpresso_8.2.2_650\workspace_FreeRTOS\CMSISv2p00_LPC17xx\inc" -I"C:\Users\samuelpereira\Documents\LPCXpresso_8.2.2_650\workspace_FreeRTOS\FreeRTOS_Library\include" -I"C:\Users\samuelpereira\Documents\LPCXpresso_8.2.2_650\workspace_FreeRTOS\FreeRTOS_Library\portable" -I"C:\Users\samuelpereira\Documents\LPCXpresso_8.2.2_650\workspace_FreeRTOS\FreeRTOS_Library\demo_code" -O1 -g3 -Wall -c -fmessage-length=0 -mcpu=cortex-m3 -mthumb -D__REDLIB__ -specs=redlib.specs -MMD -MP -MF"portable/port.d" -MT"portable/port.o" -MT"portable/port.d" -o "portable/port.o" "../portable/port.c"
Finished building: ../portable/port.c
 
Building file: ../demo_code/basic_io.c
Invoking: MCU C Compiler
arm-none-eabi-gcc -D__REDLIB__ -I"C:\Users\samuelpereira\Documents\LPCXpresso_8.2.2_650\workspace_FreeRTOS\CMSISv2p00_LPC17xx\inc" -I"C:\Users\samuelpereira\Documents\LPCXpresso_8.2.2_650\workspace_FreeRTOS\FreeRTOS_Library\include" -I"C:\Users\samuelpereira\Documents\LPCXpresso_8.2.2_650\workspace_FreeRTOS\FreeRTOS_Library\portable" -I"C:\Users\samuelpereira\Documents\LPCXpresso_8.2.2_650\workspace_FreeRTOS\FreeRTOS_Library\demo_code" -O1 -g3 -Wall -c -fmessage-length=0 -mcpu=cortex-m3 -mthumb -D__REDLIB__ -specs=redlib.specs -MMD -MP -MF"demo_code/basic_io.d" -MT"demo_code/basic_io.o" -MT"demo_code/basic_io.d" -o "demo_code/basic_io.o" "../demo_code/basic_io.c"
Finished building: ../demo_code/basic_io.c
 
Building file: ../demo_code/consoleprint.c
Invoking: MCU C Compiler
arm-none-eabi-gcc -D__REDLIB__ -I"C:\Users\samuelpereira\Documents\LPCXpresso_8.2.2_650\workspace_FreeRTOS\CMSISv2p00_LPC17xx\inc" -I"C:\Users\samuelpereira\Documents\LPCXpresso_8.2.2_650\workspace_FreeRTOS\FreeRTOS_Library\include" -I"C:\Users\samuelpereira\Documents\LPCXpresso_8.2.2_650\workspace_FreeRTOS\FreeRTOS_Library\portable" -I"C:\Users\samuelpereira\Documents\LPCXpresso_8.2.2_650\workspace_FreeRTOS\FreeRTOS_Library\demo_code" -O1 -g3 -Wall -c -fmessage-length=0 -mcpu=cortex-m3 -mthumb -D__REDLIB__ -specs=redlib.specs -MMD -MP -MF"demo_code/consoleprint.d" -MT"demo_code/consoleprint.o" -MT"demo_code/consoleprint.d" -o "demo_code/consoleprint.o" "../demo_code/consoleprint.c"
Finished building: ../demo_code/consoleprint.c
 
Building file: ../list.c
Invoking: MCU C Compiler
arm-none-eabi-gcc -D__REDLIB__ -I"C:\Users\samuelpereira\Documents\LPCXpresso_8.2.2_650\workspace_FreeRTOS\CMSISv2p00_LPC17xx\inc" -I"C:\Users\samuelpereira\Documents\LPCXpresso_8.2.2_650\workspace_FreeRTOS\FreeRTOS_Library\include" -I"C:\Users\samuelpereira\Documents\LPCXpresso_8.2.2_650\workspace_FreeRTOS\FreeRTOS_Library\portable" -I"C:\Users\samuelpereira\Documents\LPCXpresso_8.2.2_650\workspace_FreeRTOS\FreeRTOS_Library\demo_code" -O1 -g3 -Wall -c -fmessage-length=0 -mcpu=cortex-m3 -mthumb -D__REDLIB__ -specs=redlib.specs -MMD -MP -MF"list.d" -MT"list.o" -MT"list.d" -o "list.o" "../list.c"
Finished building: ../list.c
 
Building file: ../queue.c
Invoking: MCU C Compiler
arm-none-eabi-gcc -D__REDLIB__ -I"C:\Users\samuelpereira\Documents\LPCXpresso_8.2.2_650\workspace_FreeRTOS\CMSISv2p00_LPC17xx\inc" -I"C:\Users\samuelpereira\Documents\LPCXpresso_8.2.2_650\workspace_FreeRTOS\FreeRTOS_Library\include" -I"C:\Users\samuelpereira\Documents\LPCXpresso_8.2.2_650\workspace_FreeRTOS\FreeRTOS_Library\portable" -I"C:\Users\samuelpereira\Documents\LPCXpresso_8.2.2_650\workspace_FreeRTOS\FreeRTOS_Library\demo_code" -O1 -g3 -Wall -c -fmessage-length=0 -mcpu=cortex-m3 -mthumb -D__REDLIB__ -specs=redlib.specs -MMD -MP -MF"queue.d" -MT"queue.o" -MT"queue.d" -o "queue.o" "../queue.c"
Finished building: ../queue.c
 
Building file: ../tasks.c
Invoking: MCU C Compiler
arm-none-eabi-gcc -D__REDLIB__ -I"C:\Users\samuelpereira\Documents\LPCXpresso_8.2.2_650\workspace_FreeRTOS\CMSISv2p00_LPC17xx\inc" -I"C:\Users\samuelpereira\Documents\LPCXpresso_8.2.2_650\workspace_FreeRTOS\FreeRTOS_Library\include" -I"C:\Users\samuelpereira\Documents\LPCXpresso_8.2.2_650\workspace_FreeRTOS\FreeRTOS_Library\portable" -I"C:\Users\samuelpereira\Documents\LPCXpresso_8.2.2_650\workspace_FreeRTOS\FreeRTOS_Library\demo_code" -O1 -g3 -Wall -c -fmessage-length=0 -mcpu=cortex-m3 -mthumb -D__REDLIB__ -specs=redlib.specs -MMD -MP -MF"tasks.d" -MT"tasks.o" -MT"tasks.d" -o "tasks.o" "../tasks.c"
Finished building: ../tasks.c
 
Building target: libFreeRTOS_Library.a
Invoking: MCU Archiver
arm-none-eabi-ar -r  "libFreeRTOS_Library.a"  ./portable/heap_2.o ./portable/port.o  ./demo_code/basic_io.o ./demo_code/consoleprint.o  ./list.o ./queue.o ./tasks.o   
c:\nxp\LPCXpresso_8.2.2_650\lpcxpresso\tools\bin\arm-none-eabi-ar.exe: creating libFreeRTOS_Library.a
Finished building target: libFreeRTOS_Library.a
 
make --no-print-directory post-build
Performing post-build steps
arm-none-eabi-size libFreeRTOS_Library.a ; # arm-none-eabi-objdump -h -S libFreeRTOS_Library.a >libFreeRTOS_Library.lss
   text	   data	    bss	    dec	    hex	filename
    300	      0	  10268	  10568	   2948	heap_2.o (ex libFreeRTOS_Library.a)
    304	      4	      0	    308	    134	port.o (ex libFreeRTOS_Library.a)
     88	      0	     50	    138	     8a	basic_io.o (ex libFreeRTOS_Library.a)
     20	      0	      0	     20	     14	consoleprint.o (ex libFreeRTOS_Library.a)
    156	      0	      0	    156	     9c	list.o (ex libFreeRTOS_Library.a)
   1184	      0	      0	   1184	    4a0	queue.o (ex libFreeRTOS_Library.a)
   2673	      0	    256	   2929	    b71	tasks.o (ex libFreeRTOS_Library.a)
 
15:23:15 **** Incremental Build of configuration Debug for project CMSISv2p00_LPC17xx ****
make -r all 
make: Nothing to be done for `all'.
15:23:15 **** Incremental Build of configuration Debug for project FreeRTOS_Library ****
make -r all 
make: Nothing to be done for `all'.
15:23:15 **** Build of configuration Debug for project Example04 ****
make -r all 
Building file: ../cr_startup_lpc17.c
Invoking: MCU C Compiler
arm-none-eabi-gcc -DDEBUG -D__USE_CMSIS=CMSISv2p00_LPC17xx -D__CODE_RED -D__REDLIB__ -I"C:\Users\samuelpereira\Documents\LPCXpresso_8.2.2_650\workspace_FreeRTOS\FreeRTOS_Library" -I"C:\Users\samuelpereira\Documents\LPCXpresso_8.2.2_650\workspace_FreeRTOS\CMSISv2p00_LPC17xx\inc" -I"C:\Users\samuelpereira\Documents\LPCXpresso_8.2.2_650\workspace_FreeRTOS\FreeRTOS_Library\demo_code" -I"C:\Users\samuelpereira\Documents\LPCXpresso_8.2.2_650\workspace_FreeRTOS\FreeRTOS_Library\include" -I"C:\Users\samuelpereira\Documents\LPCXpresso_8.2.2_650\workspace_FreeRTOS\FreeRTOS_Library\portable" -O0 -g3 -fsigned-char -c -fmessage-length=0 -fno-builtin -ffunction-sections -mcpu=cortex-m3 -mthumb -D__REDLIB__ -specs=redlib.specs -MMD -MP -MF"cr_startup_lpc17.d" -MT"cr_startup_lpc17.o" -MT"cr_startup_lpc17.d" -o "cr_startup_lpc17.o" "../cr_startup_lpc17.c"
Finished building: ../cr_startup_lpc17.c
 
Building file: ../main.c
Invoking: MCU C Compiler
arm-none-eabi-gcc -DDEBUG -D__USE_CMSIS=CMSISv2p00_LPC17xx -D__CODE_RED -D__REDLIB__ -I"C:\Users\samuelpereira\Documents\LPCXpresso_8.2.2_650\workspace_FreeRTOS\FreeRTOS_Library" -I"C:\Users\samuelpereira\Documents\LPCXpresso_8.2.2_650\workspace_FreeRTOS\CMSISv2p00_LPC17xx\inc" -I"C:\Users\samuelpereira\Documents\LPCXpresso_8.2.2_650\workspace_FreeRTOS\FreeRTOS_Library\demo_code" -I"C:\Users\samuelpereira\Documents\LPCXpresso_8.2.2_650\workspace_FreeRTOS\FreeRTOS_Library\include" -I"C:\Users\samuelpereira\Documents\LPCXpresso_8.2.2_650\workspace_FreeRTOS\FreeRTOS_Library\portable" -O0 -g3 -fsigned-char -c -fmessage-length=0 -fno-builtin -ffunction-sections -mcpu=cortex-m3 -mthumb -D__REDLIB__ -specs=redlib.specs -MMD -MP -MF"main.d" -MT"main.o" -MT"main.d" -o "main.o" "../main.c"
Finished building: ../main.c
 
Building target: Example04.axf
Invoking: MCU Linker
arm-none-eabi-gcc -nostdlib -L"C:\Users\samuelpereira\Documents\LPCXpresso_8.2.2_650\workspace_FreeRTOS\CMSISv2p00_LPC17xx\Debug" -L"C:\Users\samuelpereira\Documents\LPCXpresso_8.2.2_650\workspace_FreeRTOS\FreeRTOS_Library\Debug" -Xlinker --gc-sections -Xlinker -Map=Example04.map -mcpu=cortex-m3 -mthumb -T "Example04_Debug.ld" -o "Example04.axf"  ./cr_startup_lpc17.o ./main.o   -lCMSISv2p00_LPC17xx -lFreeRTOS_Library
Finished building target: Example04.axf
 
make --no-print-directory post-build
Performing post-build steps
arm-none-eabi-size Example04.axf; # arm-none-eabi-objcopy -O ihex Example04.axf Example04.hex ;
   text	   data	    bss	    dec	    hex	filename
  14624	     12	  10916	  25552	   63d0	Example04.axf
 
15:23:44 **** Incremental Build of configuration Debug for project CMSISv2p00_LPC17xx ****
make -r all 
make: Nothing to be done for `all'.
15:23:45 **** Incremental Build of configuration Debug for project CMSISv2p00_LPC17xx ****
make -r all 
make: Nothing to be done for `all'.
15:23:45 **** Incremental Build of configuration Debug for project FreeRTOS_Library ****
make -r all 
make: Nothing to be done for `all'.
15:23:46 **** Incremental Build of configuration Debug for project CMSISv2p00_LPC17xx ****
make -r all 
make: Nothing to be done for `all'.
15:23:46 **** Incremental Build of configuration Debug for project FreeRTOS_Library ****
make -r all 
make: Nothing to be done for `all'.
15:23:47 **** Incremental Build of configuration Debug for project Example04 ****
make -r all 
make: Nothing to be done for `all'.
15:23:48 **** Incremental Build of configuration Debug for project CMSISv2p00_LPC17xx ****
make -r all 
make: Nothing to be done for `all'.
15:23:48 **** Incremental Build of configuration Debug for project FreeRTOS_Library ****
make -r all 
make: Nothing to be done for `all'.
15:23:48 **** Incremental Build of configuration Debug for project Example04 ****
make -r all 
make: Nothing to be done for `all'.
15:24:29 **** Clean-only build of configuration Debug for project CMSISv2p00_LPC17xx ****
make -r clean 
rm -rf  ./src/core_cm3.o ./src/system_LPC17xx.o  ./src/core_cm3.d ./src/system_LPC17xx.d  libCMSISv2p00_LPC17xx.a
 
15:24:30 **** Clean-only build of configuration Debug for project FreeRTOS_Library ****
make -r clean 
rm -rf  ./portable/heap_2.o ./portable/port.o  ./demo_code/basic_io.o ./demo_code/consoleprint.o  ./list.o ./queue.o ./tasks.o  ./portable/heap_2.d ./portable/port.d  ./demo_code/basic_io.d ./demo_code/consoleprint.d  ./list.d ./queue.d ./tasks.d  libFreeRTOS_Library.a
 
15:24:32 **** Build of configuration Debug for project CMSISv2p00_LPC17xx ****
make -r all 
Building file: ../src/core_cm3.c
Invoking: MCU C Compiler
arm-none-eabi-gcc -D__REDLIB__ -DDEBUG -D__CODE_RED -I../inc -O0 -Os -g3 -Wall -c -fmessage-length=0 -fno-builtin -ffunction-sections -fdata-sections -mcpu=cortex-m3 -mthumb -D__REDLIB__ -specs=redlib.specs -MMD -MP -MF"src/core_cm3.d" -MT"src/core_cm3.o" -MT"src/core_cm3.d" -o "src/core_cm3.o" "../src/core_cm3.c"
Finished building: ../src/core_cm3.c
 
Building file: ../src/system_LPC17xx.c
Invoking: MCU C Compiler
arm-none-eabi-gcc -D__REDLIB__ -DDEBUG -D__CODE_RED -I../inc -O0 -Os -g3 -Wall -c -fmessage-length=0 -fno-builtin -ffunction-sections -fdata-sections -mcpu=cortex-m3 -mthumb -D__REDLIB__ -specs=redlib.specs -MMD -MP -MF"src/system_LPC17xx.d" -MT"src/system_LPC17xx.o" -MT"src/system_LPC17xx.d" -o "src/system_LPC17xx.o" "../src/system_LPC17xx.c"
Finished building: ../src/system_LPC17xx.c
 
Building target: libCMSISv2p00_LPC17xx.a
Invoking: MCU Archiver
arm-none-eabi-ar -r  "libCMSISv2p00_LPC17xx.a"  ./src/core_cm3.o ./src/system_LPC17xx.o   
c:\nxp\LPCXpresso_8.2.2_650\lpcxpresso\tools\bin\arm-none-eabi-ar.exe: creating libCMSISv2p00_LPC17xx.a
Finished building target: libCMSISv2p00_LPC17xx.a
 
make --no-print-directory post-build
Performing post-build steps
arm-none-eabi-size libCMSISv2p00_LPC17xx.a ; # arm-none-eabi-objdump -h -S libCMSISv2p00_LPC17xx.a >libCMSISv2p00_LPC17xx.lss
   text	   data	    bss	    dec	    hex	filename
      0	      0	      0	      0	      0	core_cm3.o (ex libCMSISv2p00_LPC17xx.a)
    408	      4	      0	    412	    19c	system_LPC17xx.o (ex libCMSISv2p00_LPC17xx.a)
 
15:24:34 **** Incremental Build of configuration Debug for project CMSISv2p00_LPC17xx ****
make -r all 
make: Nothing to be done for `all'.
15:24:34 **** Build of configuration Debug for project FreeRTOS_Library ****
make -r all 
Building file: ../portable/heap_2.c
Invoking: MCU C Compiler
arm-none-eabi-gcc -D__REDLIB__ -I"C:\Users\samuelpereira\Documents\LPCXpresso_8.2.2_650\workspace_FreeRTOS\CMSISv2p00_LPC17xx\inc" -I"C:\Users\samuelpereira\Documents\LPCXpresso_8.2.2_650\workspace_FreeRTOS\FreeRTOS_Library\include" -I"C:\Users\samuelpereira\Documents\LPCXpresso_8.2.2_650\workspace_FreeRTOS\FreeRTOS_Library\portable" -I"C:\Users\samuelpereira\Documents\LPCXpresso_8.2.2_650\workspace_FreeRTOS\FreeRTOS_Library\demo_code" -O1 -g3 -Wall -c -fmessage-length=0 -mcpu=cortex-m3 -mthumb -D__REDLIB__ -specs=redlib.specs -MMD -MP -MF"portable/heap_2.d" -MT"portable/heap_2.o" -MT"portable/heap_2.d" -o "portable/heap_2.o" "../portable/heap_2.c"
Finished building: ../portable/heap_2.c
 
Building file: ../portable/port.c
Invoking: MCU C Compiler
arm-none-eabi-gcc -D__REDLIB__ -I"C:\Users\samuelpereira\Documents\LPCXpresso_8.2.2_650\workspace_FreeRTOS\CMSISv2p00_LPC17xx\inc" -I"C:\Users\samuelpereira\Documents\LPCXpresso_8.2.2_650\workspace_FreeRTOS\FreeRTOS_Library\include" -I"C:\Users\samuelpereira\Documents\LPCXpresso_8.2.2_650\workspace_FreeRTOS\FreeRTOS_Library\portable" -I"C:\Users\samuelpereira\Documents\LPCXpresso_8.2.2_650\workspace_FreeRTOS\FreeRTOS_Library\demo_code" -O1 -g3 -Wall -c -fmessage-length=0 -mcpu=cortex-m3 -mthumb -D__REDLIB__ -specs=redlib.specs -MMD -MP -MF"portable/port.d" -MT"portable/port.o" -MT"portable/port.d" -o "portable/port.o" "../portable/port.c"
Finished building: ../portable/port.c
 
Building file: ../demo_code/basic_io.c
Invoking: MCU C Compiler
arm-none-eabi-gcc -D__REDLIB__ -I"C:\Users\samuelpereira\Documents\LPCXpresso_8.2.2_650\workspace_FreeRTOS\CMSISv2p00_LPC17xx\inc" -I"C:\Users\samuelpereira\Documents\LPCXpresso_8.2.2_650\workspace_FreeRTOS\FreeRTOS_Library\include" -I"C:\Users\samuelpereira\Documents\LPCXpresso_8.2.2_650\workspace_FreeRTOS\FreeRTOS_Library\portable" -I"C:\Users\samuelpereira\Documents\LPCXpresso_8.2.2_650\workspace_FreeRTOS\FreeRTOS_Library\demo_code" -O1 -g3 -Wall -c -fmessage-length=0 -mcpu=cortex-m3 -mthumb -D__REDLIB__ -specs=redlib.specs -MMD -MP -MF"demo_code/basic_io.d" -MT"demo_code/basic_io.o" -MT"demo_code/basic_io.d" -o "demo_code/basic_io.o" "../demo_code/basic_io.c"
Finished building: ../demo_code/basic_io.c
 
Building file: ../demo_code/consoleprint.c
Invoking: MCU C Compiler
arm-none-eabi-gcc -D__REDLIB__ -I"C:\Users\samuelpereira\Documents\LPCXpresso_8.2.2_650\workspace_FreeRTOS\CMSISv2p00_LPC17xx\inc" -I"C:\Users\samuelpereira\Documents\LPCXpresso_8.2.2_650\workspace_FreeRTOS\FreeRTOS_Library\include" -I"C:\Users\samuelpereira\Documents\LPCXpresso_8.2.2_650\workspace_FreeRTOS\FreeRTOS_Library\portable" -I"C:\Users\samuelpereira\Documents\LPCXpresso_8.2.2_650\workspace_FreeRTOS\FreeRTOS_Library\demo_code" -O1 -g3 -Wall -c -fmessage-length=0 -mcpu=cortex-m3 -mthumb -D__REDLIB__ -specs=redlib.specs -MMD -MP -MF"demo_code/consoleprint.d" -MT"demo_code/consoleprint.o" -MT"demo_code/consoleprint.d" -o "demo_code/consoleprint.o" "../demo_code/consoleprint.c"
Finished building: ../demo_code/consoleprint.c
 
Building file: ../list.c
Invoking: MCU C Compiler
arm-none-eabi-gcc -D__REDLIB__ -I"C:\Users\samuelpereira\Documents\LPCXpresso_8.2.2_650\workspace_FreeRTOS\CMSISv2p00_LPC17xx\inc" -I"C:\Users\samuelpereira\Documents\LPCXpresso_8.2.2_650\workspace_FreeRTOS\FreeRTOS_Library\include" -I"C:\Users\samuelpereira\Documents\LPCXpresso_8.2.2_650\workspace_FreeRTOS\FreeRTOS_Library\portable" -I"C:\Users\samuelpereira\Documents\LPCXpresso_8.2.2_650\workspace_FreeRTOS\FreeRTOS_Library\demo_code" -O1 -g3 -Wall -c -fmessage-length=0 -mcpu=cortex-m3 -mthumb -D__REDLIB__ -specs=redlib.specs -MMD -MP -MF"list.d" -MT"list.o" -MT"list.d" -o "list.o" "../list.c"
Finished building: ../list.c
 
Building file: ../queue.c
Invoking: MCU C Compiler
arm-none-eabi-gcc -D__REDLIB__ -I"C:\Users\samuelpereira\Documents\LPCXpresso_8.2.2_650\workspace_FreeRTOS\CMSISv2p00_LPC17xx\inc" -I"C:\Users\samuelpereira\Documents\LPCXpresso_8.2.2_650\workspace_FreeRTOS\FreeRTOS_Library\include" -I"C:\Users\samuelpereira\Documents\LPCXpresso_8.2.2_650\workspace_FreeRTOS\FreeRTOS_Library\portable" -I"C:\Users\samuelpereira\Documents\LPCXpresso_8.2.2_650\workspace_FreeRTOS\FreeRTOS_Library\demo_code" -O1 -g3 -Wall -c -fmessage-length=0 -mcpu=cortex-m3 -mthumb -D__REDLIB__ -specs=redlib.specs -MMD -MP -MF"queue.d" -MT"queue.o" -MT"queue.d" -o "queue.o" "../queue.c"
Finished building: ../queue.c
 
Building file: ../tasks.c
Invoking: MCU C Compiler
arm-none-eabi-gcc -D__REDLIB__ -I"C:\Users\samuelpereira\Documents\LPCXpresso_8.2.2_650\workspace_FreeRTOS\CMSISv2p00_LPC17xx\inc" -I"C:\Users\samuelpereira\Documents\LPCXpresso_8.2.2_650\workspace_FreeRTOS\FreeRTOS_Library\include" -I"C:\Users\samuelpereira\Documents\LPCXpresso_8.2.2_650\workspace_FreeRTOS\FreeRTOS_Library\portable" -I"C:\Users\samuelpereira\Documents\LPCXpresso_8.2.2_650\workspace_FreeRTOS\FreeRTOS_Library\demo_code" -O1 -g3 -Wall -c -fmessage-length=0 -mcpu=cortex-m3 -mthumb -D__REDLIB__ -specs=redlib.specs -MMD -MP -MF"tasks.d" -MT"tasks.o" -MT"tasks.d" -o "tasks.o" "../tasks.c"
Finished building: ../tasks.c
 
Building target: libFreeRTOS_Library.a
Invoking: MCU Archiver
arm-none-eabi-ar -r  "libFreeRTOS_Library.a"  ./portable/heap_2.o ./portable/port.o  ./demo_code/basic_io.o ./demo_code/consoleprint.o  ./list.o ./queue.o ./tasks.o   
c:\nxp\LPCXpresso_8.2.2_650\lpcxpresso\tools\bin\arm-none-eabi-ar.exe: creating libFreeRTOS_Library.a
Finished building target: libFreeRTOS_Library.a
 
make --no-print-directory post-build
Performing post-build steps
arm-none-eabi-size libFreeRTOS_Library.a ; # arm-none-eabi-objdump -h -S libFreeRTOS_Library.a >libFreeRTOS_Library.lss
   text	   data	    bss	    dec	    hex	filename
    300	      0	  10268	  10568	   2948	heap_2.o (ex libFreeRTOS_Library.a)
    304	      4	      0	    308	    134	port.o (ex libFreeRTOS_Library.a)
     88	      0	     50	    138	     8a	basic_io.o (ex libFreeRTOS_Library.a)
     20	      0	      0	     20	     14	consoleprint.o (ex libFreeRTOS_Library.a)
    156	      0	      0	    156	     9c	list.o (ex libFreeRTOS_Library.a)
   1184	      0	      0	   1184	    4a0	queue.o (ex libFreeRTOS_Library.a)
   2673	      0	    256	   2929	    b71	tasks.o (ex libFreeRTOS_Library.a)
 
15:24:39 **** Incremental Build of configuration Debug for project CMSISv2p00_LPC17xx ****
make -r all 
make: Nothing to be done for `all'.
15:24:40 **** Incremental Build of configuration Debug for project FreeRTOS_Library ****
make -r all 
make: Nothing to be done for `all'.
15:24:40 **** Build of configuration Debug for project Example11 ****
make -r all 
Building file: ../cr_startup_lpc17.c
Invoking: MCU C Compiler
arm-none-eabi-gcc -DDEBUG -D__USE_CMSIS=CMSISv2p00_LPC17xx -D__CODE_RED -D__REDLIB__ -I"C:\Users\samuelpereira\Documents\LPCXpresso_8.2.2_650\workspace_FreeRTOS\FreeRTOS_Library" -I"C:\Users\samuelpereira\Documents\LPCXpresso_8.2.2_650\workspace_FreeRTOS\CMSISv2p00_LPC17xx\inc" -I"C:\Users\samuelpereira\Documents\LPCXpresso_8.2.2_650\workspace_FreeRTOS\FreeRTOS_Library\demo_code" -I"C:\Users\samuelpereira\Documents\LPCXpresso_8.2.2_650\workspace_FreeRTOS\FreeRTOS_Library\include" -I"C:\Users\samuelpereira\Documents\LPCXpresso_8.2.2_650\workspace_FreeRTOS\FreeRTOS_Library\portable" -O0 -g3 -fsigned-char -c -fmessage-length=0 -fno-builtin -ffunction-sections -mcpu=cortex-m3 -mthumb -D__REDLIB__ -specs=redlib.specs -MMD -MP -MF"cr_startup_lpc17.d" -MT"cr_startup_lpc17.o" -MT"cr_startup_lpc17.d" -o "cr_startup_lpc17.o" "../cr_startup_lpc17.c"
Finished building: ../cr_startup_lpc17.c
 
Building file: ../main.c
Invoking: MCU C Compiler
arm-none-eabi-gcc -DDEBUG -D__USE_CMSIS=CMSISv2p00_LPC17xx -D__CODE_RED -D__REDLIB__ -I"C:\Users\samuelpereira\Documents\LPCXpresso_8.2.2_650\workspace_FreeRTOS\FreeRTOS_Library" -I"C:\Users\samuelpereira\Documents\LPCXpresso_8.2.2_650\workspace_FreeRTOS\CMSISv2p00_LPC17xx\inc" -I"C:\Users\samuelpereira\Documents\LPCXpresso_8.2.2_650\workspace_FreeRTOS\FreeRTOS_Library\demo_code" -I"C:\Users\samuelpereira\Documents\LPCXpresso_8.2.2_650\workspace_FreeRTOS\FreeRTOS_Library\include" -I"C:\Users\samuelpereira\Documents\LPCXpresso_8.2.2_650\workspace_FreeRTOS\FreeRTOS_Library\portable" -O0 -g3 -fsigned-char -c -fmessage-length=0 -fno-builtin -ffunction-sections -mcpu=cortex-m3 -mthumb -D__REDLIB__ -specs=redlib.specs -MMD -MP -MF"main.d" -MT"main.o" -MT"main.d" -o "main.o" "../main.c"
Finished building: ../main.c
 
Building target: Example11.axf
Invoking: MCU Linker
arm-none-eabi-gcc -nostdlib -L"C:\Users\samuelpereira\Documents\LPCXpresso_8.2.2_650\workspace_FreeRTOS\CMSISv2p00_LPC17xx\Debug" -L"C:\Users\samuelpereira\Documents\LPCXpresso_8.2.2_650\workspace_FreeRTOS\FreeRTOS_Library\Debug" -Xlinker --gc-sections -Xlinker -Map=Example11.map -mcpu=cortex-m3 -mthumb -T "Example11_Debug.ld" -o "Example11.axf"  ./cr_startup_lpc17.o ./main.o   -lCMSISv2p00_LPC17xx -lFreeRTOS_Library
Finished building target: Example11.axf
 
make --no-print-directory post-build
Performing post-build steps
arm-none-eabi-size Example11.axf; # arm-none-eabi-objcopy -O ihex Example11.axf Example11.hex ;
   text	   data	    bss	    dec	    hex	filename
  16176	      4	  10920	  27100	   69dc	Example11.axf
 
15:33:59 **** Clean-only build of configuration Debug for project CMSISv2p00_LPC17xx ****
make -r clean 
rm -rf  ./src/core_cm3.o ./src/system_LPC17xx.o  ./src/core_cm3.d ./src/system_LPC17xx.d  libCMSISv2p00_LPC17xx.a
 
15:33:59 **** Clean-only build of configuration Debug for project FreeRTOS_Library ****
make -r clean 
rm -rf  ./portable/heap_2.o ./portable/port.o  ./demo_code/basic_io.o ./demo_code/consoleprint.o  ./list.o ./queue.o ./tasks.o  ./portable/heap_2.d ./portable/port.d  ./demo_code/basic_io.d ./demo_code/consoleprint.d  ./list.d ./queue.d ./tasks.d  libFreeRTOS_Library.a
 
15:34:30 **** Build of configuration Debug for project CMSISv2p00_LPC17xx ****
make -r all 
Building file: ../src/core_cm3.c
Invoking: MCU C Compiler
arm-none-eabi-gcc -D__REDLIB__ -DDEBUG -D__CODE_RED -I../inc -O0 -Os -g3 -Wall -c -fmessage-length=0 -fno-builtin -ffunction-sections -fdata-sections -mcpu=cortex-m3 -mthumb -D__REDLIB__ -specs=redlib.specs -MMD -MP -MF"src/core_cm3.d" -MT"src/core_cm3.o" -MT"src/core_cm3.d" -o "src/core_cm3.o" "../src/core_cm3.c"
Finished building: ../src/core_cm3.c
 
Building file: ../src/system_LPC17xx.c
Invoking: MCU C Compiler
arm-none-eabi-gcc -D__REDLIB__ -DDEBUG -D__CODE_RED -I../inc -O0 -Os -g3 -Wall -c -fmessage-length=0 -fno-builtin -ffunction-sections -fdata-sections -mcpu=cortex-m3 -mthumb -D__REDLIB__ -specs=redlib.specs -MMD -MP -MF"src/system_LPC17xx.d" -MT"src/system_LPC17xx.o" -MT"src/system_LPC17xx.d" -o "src/system_LPC17xx.o" "../src/system_LPC17xx.c"
Finished building: ../src/system_LPC17xx.c
 
Building target: libCMSISv2p00_LPC17xx.a
Invoking: MCU Archiver
arm-none-eabi-ar -r  "libCMSISv2p00_LPC17xx.a"  ./src/core_cm3.o ./src/system_LPC17xx.o   
c:\nxp\LPCXpresso_8.2.2_650\lpcxpresso\tools\bin\arm-none-eabi-ar.exe: creating libCMSISv2p00_LPC17xx.a
Finished building target: libCMSISv2p00_LPC17xx.a
 
make --no-print-directory post-build
Performing post-build steps
arm-none-eabi-size libCMSISv2p00_LPC17xx.a ; # arm-none-eabi-objdump -h -S libCMSISv2p00_LPC17xx.a >libCMSISv2p00_LPC17xx.lss
   text	   data	    bss	    dec	    hex	filename
      0	      0	      0	      0	      0	core_cm3.o (ex libCMSISv2p00_LPC17xx.a)
    408	      4	      0	    412	    19c	system_LPC17xx.o (ex libCMSISv2p00_LPC17xx.a)
 
15:34:32 **** Incremental Build of configuration Debug for project CMSISv2p00_LPC17xx ****
make -r all 
make: Nothing to be done for `all'.
15:34:32 **** Build of configuration Debug for project FreeRTOS_Library ****
make -r all 
Building file: ../portable/heap_2.c
Invoking: MCU C Compiler
arm-none-eabi-gcc -D__REDLIB__ -I"C:\Users\samuelpereira\Documents\LPCXpresso_8.2.2_650\workspace_FreeRTOS\CMSISv2p00_LPC17xx\inc" -I"C:\Users\samuelpereira\Documents\LPCXpresso_8.2.2_650\workspace_FreeRTOS\FreeRTOS_Library\include" -I"C:\Users\samuelpereira\Documents\LPCXpresso_8.2.2_650\workspace_FreeRTOS\FreeRTOS_Library\portable" -I"C:\Users\samuelpereira\Documents\LPCXpresso_8.2.2_650\workspace_FreeRTOS\FreeRTOS_Library\demo_code" -O1 -g3 -Wall -c -fmessage-length=0 -mcpu=cortex-m3 -mthumb -D__REDLIB__ -specs=redlib.specs -MMD -MP -MF"portable/heap_2.d" -MT"portable/heap_2.o" -MT"portable/heap_2.d" -o "portable/heap_2.o" "../portable/heap_2.c"
Finished building: ../portable/heap_2.c
 
Building file: ../portable/port.c
Invoking: MCU C Compiler
arm-none-eabi-gcc -D__REDLIB__ -I"C:\Users\samuelpereira\Documents\LPCXpresso_8.2.2_650\workspace_FreeRTOS\CMSISv2p00_LPC17xx\inc" -I"C:\Users\samuelpereira\Documents\LPCXpresso_8.2.2_650\workspace_FreeRTOS\FreeRTOS_Library\include" -I"C:\Users\samuelpereira\Documents\LPCXpresso_8.2.2_650\workspace_FreeRTOS\FreeRTOS_Library\portable" -I"C:\Users\samuelpereira\Documents\LPCXpresso_8.2.2_650\workspace_FreeRTOS\FreeRTOS_Library\demo_code" -O1 -g3 -Wall -c -fmessage-length=0 -mcpu=cortex-m3 -mthumb -D__REDLIB__ -specs=redlib.specs -MMD -MP -MF"portable/port.d" -MT"portable/port.o" -MT"portable/port.d" -o "portable/port.o" "../portable/port.c"
Finished building: ../portable/port.c
 
Building file: ../demo_code/basic_io.c
Invoking: MCU C Compiler
arm-none-eabi-gcc -D__REDLIB__ -I"C:\Users\samuelpereira\Documents\LPCXpresso_8.2.2_650\workspace_FreeRTOS\CMSISv2p00_LPC17xx\inc" -I"C:\Users\samuelpereira\Documents\LPCXpresso_8.2.2_650\workspace_FreeRTOS\FreeRTOS_Library\include" -I"C:\Users\samuelpereira\Documents\LPCXpresso_8.2.2_650\workspace_FreeRTOS\FreeRTOS_Library\portable" -I"C:\Users\samuelpereira\Documents\LPCXpresso_8.2.2_650\workspace_FreeRTOS\FreeRTOS_Library\demo_code" -O1 -g3 -Wall -c -fmessage-length=0 -mcpu=cortex-m3 -mthumb -D__REDLIB__ -specs=redlib.specs -MMD -MP -MF"demo_code/basic_io.d" -MT"demo_code/basic_io.o" -MT"demo_code/basic_io.d" -o "demo_code/basic_io.o" "../demo_code/basic_io.c"
Finished building: ../demo_code/basic_io.c
 
Building file: ../demo_code/consoleprint.c
Invoking: MCU C Compiler
arm-none-eabi-gcc -D__REDLIB__ -I"C:\Users\samuelpereira\Documents\LPCXpresso_8.2.2_650\workspace_FreeRTOS\CMSISv2p00_LPC17xx\inc" -I"C:\Users\samuelpereira\Documents\LPCXpresso_8.2.2_650\workspace_FreeRTOS\FreeRTOS_Library\include" -I"C:\Users\samuelpereira\Documents\LPCXpresso_8.2.2_650\workspace_FreeRTOS\FreeRTOS_Library\portable" -I"C:\Users\samuelpereira\Documents\LPCXpresso_8.2.2_650\workspace_FreeRTOS\FreeRTOS_Library\demo_code" -O1 -g3 -Wall -c -fmessage-length=0 -mcpu=cortex-m3 -mthumb -D__REDLIB__ -specs=redlib.specs -MMD -MP -MF"demo_code/consoleprint.d" -MT"demo_code/consoleprint.o" -MT"demo_code/consoleprint.d" -o "demo_code/consoleprint.o" "../demo_code/consoleprint.c"
Finished building: ../demo_code/consoleprint.c
 
Building file: ../list.c
Invoking: MCU C Compiler
arm-none-eabi-gcc -D__REDLIB__ -I"C:\Users\samuelpereira\Documents\LPCXpresso_8.2.2_650\workspace_FreeRTOS\CMSISv2p00_LPC17xx\inc" -I"C:\Users\samuelpereira\Documents\LPCXpresso_8.2.2_650\workspace_FreeRTOS\FreeRTOS_Library\include" -I"C:\Users\samuelpereira\Documents\LPCXpresso_8.2.2_650\workspace_FreeRTOS\FreeRTOS_Library\portable" -I"C:\Users\samuelpereira\Documents\LPCXpresso_8.2.2_650\workspace_FreeRTOS\FreeRTOS_Library\demo_code" -O1 -g3 -Wall -c -fmessage-length=0 -mcpu=cortex-m3 -mthumb -D__REDLIB__ -specs=redlib.specs -MMD -MP -MF"list.d" -MT"list.o" -MT"list.d" -o "list.o" "../list.c"
Finished building: ../list.c
 
Building file: ../queue.c
Invoking: MCU C Compiler
arm-none-eabi-gcc -D__REDLIB__ -I"C:\Users\samuelpereira\Documents\LPCXpresso_8.2.2_650\workspace_FreeRTOS\CMSISv2p00_LPC17xx\inc" -I"C:\Users\samuelpereira\Documents\LPCXpresso_8.2.2_650\workspace_FreeRTOS\FreeRTOS_Library\include" -I"C:\Users\samuelpereira\Documents\LPCXpresso_8.2.2_650\workspace_FreeRTOS\FreeRTOS_Library\portable" -I"C:\Users\samuelpereira\Documents\LPCXpresso_8.2.2_650\workspace_FreeRTOS\FreeRTOS_Library\demo_code" -O1 -g3 -Wall -c -fmessage-length=0 -mcpu=cortex-m3 -mthumb -D__REDLIB__ -specs=redlib.specs -MMD -MP -MF"queue.d" -MT"queue.o" -MT"queue.d" -o "queue.o" "../queue.c"
Finished building: ../queue.c
 
Building file: ../tasks.c
Invoking: MCU C Compiler
arm-none-eabi-gcc -D__REDLIB__ -I"C:\Users\samuelpereira\Documents\LPCXpresso_8.2.2_650\workspace_FreeRTOS\CMSISv2p00_LPC17xx\inc" -I"C:\Users\samuelpereira\Documents\LPCXpresso_8.2.2_650\workspace_FreeRTOS\FreeRTOS_Library\include" -I"C:\Users\samuelpereira\Documents\LPCXpresso_8.2.2_650\workspace_FreeRTOS\FreeRTOS_Library\portable" -I"C:\Users\samuelpereira\Documents\LPCXpresso_8.2.2_650\workspace_FreeRTOS\FreeRTOS_Library\demo_code" -O1 -g3 -Wall -c -fmessage-length=0 -mcpu=cortex-m3 -mthumb -D__REDLIB__ -specs=redlib.specs -MMD -MP -MF"tasks.d" -MT"tasks.o" -MT"tasks.d" -o "tasks.o" "../tasks.c"
Finished building: ../tasks.c
 
Building target: libFreeRTOS_Library.a
Invoking: MCU Archiver
arm-none-eabi-ar -r  "libFreeRTOS_Library.a"  ./portable/heap_2.o ./portable/port.o  ./demo_code/basic_io.o ./demo_code/consoleprint.o  ./list.o ./queue.o ./tasks.o   
c:\nxp\LPCXpresso_8.2.2_650\lpcxpresso\tools\bin\arm-none-eabi-ar.exe: creating libFreeRTOS_Library.a
Finished building target: libFreeRTOS_Library.a
 
make --no-print-directory post-build
Performing post-build steps
arm-none-eabi-size libFreeRTOS_Library.a ; # arm-none-eabi-objdump -h -S libFreeRTOS_Library.a >libFreeRTOS_Library.lss
   text	   data	    bss	    dec	    hex	filename
    300	      0	  10268	  10568	   2948	heap_2.o (ex libFreeRTOS_Library.a)
    304	      4	      0	    308	    134	port.o (ex libFreeRTOS_Library.a)
     88	      0	     50	    138	     8a	basic_io.o (ex libFreeRTOS_Library.a)
     20	      0	      0	     20	     14	consoleprint.o (ex libFreeRTOS_Library.a)
    156	      0	      0	    156	     9c	list.o (ex libFreeRTOS_Library.a)
   1184	      0	      0	   1184	    4a0	queue.o (ex libFreeRTOS_Library.a)
   2673	      0	    256	   2929	    b71	tasks.o (ex libFreeRTOS_Library.a)
 
15:34:37 **** Incremental Build of configuration Debug for project CMSISv2p00_LPC17xx ****
make -r all 
make: Nothing to be done for `all'.
15:34:38 **** Incremental Build of configuration Debug for project FreeRTOS_Library ****
make -r all 
make: Nothing to be done for `all'.
15:34:39 **** Build of configuration Debug for project Example14 ****
make -r all 
Building file: ../cr_startup_lpc17.c
Invoking: MCU C Compiler
arm-none-eabi-gcc -DDEBUG -D__USE_CMSIS=CMSISv2p00_LPC17xx -D__CODE_RED -D__REDLIB__ -I"C:\Users\samuelpereira\Documents\LPCXpresso_8.2.2_650\workspace_FreeRTOS\FreeRTOS_Library" -I"C:\Users\samuelpereira\Documents\LPCXpresso_8.2.2_650\workspace_FreeRTOS\CMSISv2p00_LPC17xx\inc" -I"C:\Users\samuelpereira\Documents\LPCXpresso_8.2.2_650\workspace_FreeRTOS\FreeRTOS_Library\demo_code" -I"C:\Users\samuelpereira\Documents\LPCXpresso_8.2.2_650\workspace_FreeRTOS\FreeRTOS_Library\include" -I"C:\Users\samuelpereira\Documents\LPCXpresso_8.2.2_650\workspace_FreeRTOS\FreeRTOS_Library\portable" -O0 -g3 -fsigned-char -c -fmessage-length=0 -fno-builtin -ffunction-sections -mcpu=cortex-m3 -mthumb -D__REDLIB__ -specs=redlib.specs -MMD -MP -MF"cr_startup_lpc17.d" -MT"cr_startup_lpc17.o" -MT"cr_startup_lpc17.d" -o "cr_startup_lpc17.o" "../cr_startup_lpc17.c"
Finished building: ../cr_startup_lpc17.c
 
Building file: ../main.c
Invoking: MCU C Compiler
arm-none-eabi-gcc -DDEBUG -D__USE_CMSIS=CMSISv2p00_LPC17xx -D__CODE_RED -D__REDLIB__ -I"C:\Users\samuelpereira\Documents\LPCXpresso_8.2.2_650\workspace_FreeRTOS\FreeRTOS_Library" -I"C:\Users\samuelpereira\Documents\LPCXpresso_8.2.2_650\workspace_FreeRTOS\CMSISv2p00_LPC17xx\inc" -I"C:\Users\samuelpereira\Documents\LPCXpresso_8.2.2_650\workspace_FreeRTOS\FreeRTOS_Library\demo_code" -I"C:\Users\samuelpereira\Documents\LPCXpresso_8.2.2_650\workspace_FreeRTOS\FreeRTOS_Library\include" -I"C:\Users\samuelpereira\Documents\LPCXpresso_8.2.2_650\workspace_FreeRTOS\FreeRTOS_Library\portable" -O0 -g3 -fsigned-char -c -fmessage-length=0 -fno-builtin -ffunction-sections -mcpu=cortex-m3 -mthumb -D__REDLIB__ -specs=redlib.specs -MMD -MP -MF"main.d" -MT"main.o" -MT"main.d" -o "main.o" "../main.c"
Finished building: ../main.c
 
Building target: Example14.axf
Invoking: MCU Linker
arm-none-eabi-gcc -nostdlib -L"C:\Users\samuelpereira\Documents\LPCXpresso_8.2.2_650\workspace_FreeRTOS\CMSISv2p00_LPC17xx\Debug" -L"C:\Users\samuelpereira\Documents\LPCXpresso_8.2.2_650\workspace_FreeRTOS\FreeRTOS_Library\Debug" -Xlinker --gc-sections -Xlinker -Map=Example14.map -mcpu=cortex-m3 -mthumb -T "Example14_Debug.ld" -o "Example14.axf"  ./cr_startup_lpc17.o ./main.o   -lCMSISv2p00_LPC17xx -lFreeRTOS_Library
Finished building target: Example14.axf
 
make --no-print-directory post-build
Performing post-build steps
arm-none-eabi-size Example14.axf; # arm-none-eabi-objcopy -O ihex Example14.axf Example14.hex ;
   text	   data	    bss	    dec	    hex	filename
  16472	     20	  11336	  27828	   6cb4	Example14.axf
 
15:34:44 **** Incremental Build of configuration Debug for project CMSISv2p00_LPC17xx ****
make -r all 
make: Nothing to be done for `all'.
15:34:45 **** Incremental Build of configuration Debug for project CMSISv2p00_LPC17xx ****
make -r all 
make: Nothing to be done for `all'.
15:34:45 **** Incremental Build of configuration Debug for project FreeRTOS_Library ****
make -r all 
make: Nothing to be done for `all'.
15:34:46 **** Incremental Build of configuration Debug for project CMSISv2p00_LPC17xx ****
make -r all 
make: Nothing to be done for `all'.
15:34:46 **** Incremental Build of configuration Debug for project FreeRTOS_Library ****
make -r all 
make: Nothing to be done for `all'.
15:34:47 **** Incremental Build of configuration Debug for project Example14 ****
make -r all 
make: Nothing to be done for `all'.
15:34:49 **** Incremental Build of configuration Debug for project CMSISv2p00_LPC17xx ****
make -r all 
make: Nothing to be done for `all'.
15:34:49 **** Incremental Build of configuration Debug for project FreeRTOS_Library ****
make -r all 
make: Nothing to be done for `all'.
15:34:50 **** Incremental Build of configuration Debug for project Example14 ****
make -r all 
make: Nothing to be done for `all'.
15:49:06 **** Clean-only build of configuration Debug for project CMSISv2p00_LPC17xx ****
make -r clean 
rm -rf  ./src/core_cm3.o ./src/system_LPC17xx.o  ./src/core_cm3.d ./src/system_LPC17xx.d  libCMSISv2p00_LPC17xx.a
 
15:49:07 **** Clean-only build of configuration Debug for project FreeRTOS_Library ****
make -r clean 
rm -rf  ./portable/heap_2.o ./portable/port.o  ./demo_code/basic_io.o ./demo_code/consoleprint.o  ./list.o ./queue.o ./tasks.o  ./portable/heap_2.d ./portable/port.d  ./demo_code/basic_io.d ./demo_code/consoleprint.d  ./list.d ./queue.d ./tasks.d  libFreeRTOS_Library.a
 
15:49:07 **** Clean-only build of configuration Debug for project Example02 ****
make -r clean 
rm -rf  ./cr_startup_lpc17.o ./main.o  ./cr_startup_lpc17.d ./main.d  Example02.axf
 
15:49:11 **** Build of configuration Debug for project CMSISv2p00_LPC17xx ****
make -r all 
Building file: ../src/core_cm3.c
Invoking: MCU C Compiler
arm-none-eabi-gcc -D__REDLIB__ -DDEBUG -D__CODE_RED -I../inc -O0 -Os -g3 -Wall -c -fmessage-length=0 -fno-builtin -ffunction-sections -fdata-sections -mcpu=cortex-m3 -mthumb -D__REDLIB__ -specs=redlib.specs -MMD -MP -MF"src/core_cm3.d" -MT"src/core_cm3.o" -MT"src/core_cm3.d" -o "src/core_cm3.o" "../src/core_cm3.c"
Finished building: ../src/core_cm3.c
 
Building file: ../src/system_LPC17xx.c
Invoking: MCU C Compiler
arm-none-eabi-gcc -D__REDLIB__ -DDEBUG -D__CODE_RED -I../inc -O0 -Os -g3 -Wall -c -fmessage-length=0 -fno-builtin -ffunction-sections -fdata-sections -mcpu=cortex-m3 -mthumb -D__REDLIB__ -specs=redlib.specs -MMD -MP -MF"src/system_LPC17xx.d" -MT"src/system_LPC17xx.o" -MT"src/system_LPC17xx.d" -o "src/system_LPC17xx.o" "../src/system_LPC17xx.c"
Finished building: ../src/system_LPC17xx.c
 
Building target: libCMSISv2p00_LPC17xx.a
Invoking: MCU Archiver
arm-none-eabi-ar -r  "libCMSISv2p00_LPC17xx.a"  ./src/core_cm3.o ./src/system_LPC17xx.o   
c:\nxp\LPCXpresso_8.2.2_650\lpcxpresso\tools\bin\arm-none-eabi-ar.exe: creating libCMSISv2p00_LPC17xx.a
Finished building target: libCMSISv2p00_LPC17xx.a
 
make --no-print-directory post-build
Performing post-build steps
arm-none-eabi-size libCMSISv2p00_LPC17xx.a ; # arm-none-eabi-objdump -h -S libCMSISv2p00_LPC17xx.a >libCMSISv2p00_LPC17xx.lss
   text	   data	    bss	    dec	    hex	filename
      0	      0	      0	      0	      0	core_cm3.o (ex libCMSISv2p00_LPC17xx.a)
    408	      4	      0	    412	    19c	system_LPC17xx.o (ex libCMSISv2p00_LPC17xx.a)
 
15:49:14 **** Incremental Build of configuration Debug for project CMSISv2p00_LPC17xx ****
make -r all 
make: Nothing to be done for `all'.
15:49:14 **** Build of configuration Debug for project FreeRTOS_Library ****
make -r all 
Building file: ../portable/heap_2.c
Invoking: MCU C Compiler
arm-none-eabi-gcc -D__REDLIB__ -I"C:\Users\samuelpereira\Documents\LPCXpresso_8.2.2_650\workspace_FreeRTOS\CMSISv2p00_LPC17xx\inc" -I"C:\Users\samuelpereira\Documents\LPCXpresso_8.2.2_650\workspace_FreeRTOS\FreeRTOS_Library\include" -I"C:\Users\samuelpereira\Documents\LPCXpresso_8.2.2_650\workspace_FreeRTOS\FreeRTOS_Library\portable" -I"C:\Users\samuelpereira\Documents\LPCXpresso_8.2.2_650\workspace_FreeRTOS\FreeRTOS_Library\demo_code" -O1 -g3 -Wall -c -fmessage-length=0 -mcpu=cortex-m3 -mthumb -D__REDLIB__ -specs=redlib.specs -MMD -MP -MF"portable/heap_2.d" -MT"portable/heap_2.o" -MT"portable/heap_2.d" -o "portable/heap_2.o" "../portable/heap_2.c"
Finished building: ../portable/heap_2.c
 
Building file: ../portable/port.c
Invoking: MCU C Compiler
arm-none-eabi-gcc -D__REDLIB__ -I"C:\Users\samuelpereira\Documents\LPCXpresso_8.2.2_650\workspace_FreeRTOS\CMSISv2p00_LPC17xx\inc" -I"C:\Users\samuelpereira\Documents\LPCXpresso_8.2.2_650\workspace_FreeRTOS\FreeRTOS_Library\include" -I"C:\Users\samuelpereira\Documents\LPCXpresso_8.2.2_650\workspace_FreeRTOS\FreeRTOS_Library\portable" -I"C:\Users\samuelpereira\Documents\LPCXpresso_8.2.2_650\workspace_FreeRTOS\FreeRTOS_Library\demo_code" -O1 -g3 -Wall -c -fmessage-length=0 -mcpu=cortex-m3 -mthumb -D__REDLIB__ -specs=redlib.specs -MMD -MP -MF"portable/port.d" -MT"portable/port.o" -MT"portable/port.d" -o "portable/port.o" "../portable/port.c"
Finished building: ../portable/port.c
 
Building file: ../demo_code/basic_io.c
Invoking: MCU C Compiler
arm-none-eabi-gcc -D__REDLIB__ -I"C:\Users\samuelpereira\Documents\LPCXpresso_8.2.2_650\workspace_FreeRTOS\CMSISv2p00_LPC17xx\inc" -I"C:\Users\samuelpereira\Documents\LPCXpresso_8.2.2_650\workspace_FreeRTOS\FreeRTOS_Library\include" -I"C:\Users\samuelpereira\Documents\LPCXpresso_8.2.2_650\workspace_FreeRTOS\FreeRTOS_Library\portable" -I"C:\Users\samuelpereira\Documents\LPCXpresso_8.2.2_650\workspace_FreeRTOS\FreeRTOS_Library\demo_code" -O1 -g3 -Wall -c -fmessage-length=0 -mcpu=cortex-m3 -mthumb -D__REDLIB__ -specs=redlib.specs -MMD -MP -MF"demo_code/basic_io.d" -MT"demo_code/basic_io.o" -MT"demo_code/basic_io.d" -o "demo_code/basic_io.o" "../demo_code/basic_io.c"
Finished building: ../demo_code/basic_io.c
 
Building file: ../demo_code/consoleprint.c
Invoking: MCU C Compiler
arm-none-eabi-gcc -D__REDLIB__ -I"C:\Users\samuelpereira\Documents\LPCXpresso_8.2.2_650\workspace_FreeRTOS\CMSISv2p00_LPC17xx\inc" -I"C:\Users\samuelpereira\Documents\LPCXpresso_8.2.2_650\workspace_FreeRTOS\FreeRTOS_Library\include" -I"C:\Users\samuelpereira\Documents\LPCXpresso_8.2.2_650\workspace_FreeRTOS\FreeRTOS_Library\portable" -I"C:\Users\samuelpereira\Documents\LPCXpresso_8.2.2_650\workspace_FreeRTOS\FreeRTOS_Library\demo_code" -O1 -g3 -Wall -c -fmessage-length=0 -mcpu=cortex-m3 -mthumb -D__REDLIB__ -specs=redlib.specs -MMD -MP -MF"demo_code/consoleprint.d" -MT"demo_code/consoleprint.o" -MT"demo_code/consoleprint.d" -o "demo_code/consoleprint.o" "../demo_code/consoleprint.c"
Finished building: ../demo_code/consoleprint.c
 
Building file: ../list.c
Invoking: MCU C Compiler
arm-none-eabi-gcc -D__REDLIB__ -I"C:\Users\samuelpereira\Documents\LPCXpresso_8.2.2_650\workspace_FreeRTOS\CMSISv2p00_LPC17xx\inc" -I"C:\Users\samuelpereira\Documents\LPCXpresso_8.2.2_650\workspace_FreeRTOS\FreeRTOS_Library\include" -I"C:\Users\samuelpereira\Documents\LPCXpresso_8.2.2_650\workspace_FreeRTOS\FreeRTOS_Library\portable" -I"C:\Users\samuelpereira\Documents\LPCXpresso_8.2.2_650\workspace_FreeRTOS\FreeRTOS_Library\demo_code" -O1 -g3 -Wall -c -fmessage-length=0 -mcpu=cortex-m3 -mthumb -D__REDLIB__ -specs=redlib.specs -MMD -MP -MF"list.d" -MT"list.o" -MT"list.d" -o "list.o" "../list.c"
Finished building: ../list.c
 
Building file: ../queue.c
Invoking: MCU C Compiler
arm-none-eabi-gcc -D__REDLIB__ -I"C:\Users\samuelpereira\Documents\LPCXpresso_8.2.2_650\workspace_FreeRTOS\CMSISv2p00_LPC17xx\inc" -I"C:\Users\samuelpereira\Documents\LPCXpresso_8.2.2_650\workspace_FreeRTOS\FreeRTOS_Library\include" -I"C:\Users\samuelpereira\Documents\LPCXpresso_8.2.2_650\workspace_FreeRTOS\FreeRTOS_Library\portable" -I"C:\Users\samuelpereira\Documents\LPCXpresso_8.2.2_650\workspace_FreeRTOS\FreeRTOS_Library\demo_code" -O1 -g3 -Wall -c -fmessage-length=0 -mcpu=cortex-m3 -mthumb -D__REDLIB__ -specs=redlib.specs -MMD -MP -MF"queue.d" -MT"queue.o" -MT"queue.d" -o "queue.o" "../queue.c"
Finished building: ../queue.c
 
Building file: ../tasks.c
Invoking: MCU C Compiler
arm-none-eabi-gcc -D__REDLIB__ -I"C:\Users\samuelpereira\Documents\LPCXpresso_8.2.2_650\workspace_FreeRTOS\CMSISv2p00_LPC17xx\inc" -I"C:\Users\samuelpereira\Documents\LPCXpresso_8.2.2_650\workspace_FreeRTOS\FreeRTOS_Library\include" -I"C:\Users\samuelpereira\Documents\LPCXpresso_8.2.2_650\workspace_FreeRTOS\FreeRTOS_Library\portable" -I"C:\Users\samuelpereira\Documents\LPCXpresso_8.2.2_650\workspace_FreeRTOS\FreeRTOS_Library\demo_code" -O1 -g3 -Wall -c -fmessage-length=0 -mcpu=cortex-m3 -mthumb -D__REDLIB__ -specs=redlib.specs -MMD -MP -MF"tasks.d" -MT"tasks.o" -MT"tasks.d" -o "tasks.o" "../tasks.c"
Finished building: ../tasks.c
 
Building target: libFreeRTOS_Library.a
Invoking: MCU Archiver
arm-none-eabi-ar -r  "libFreeRTOS_Library.a"  ./portable/heap_2.o ./portable/port.o  ./demo_code/basic_io.o ./demo_code/consoleprint.o  ./list.o ./queue.o ./tasks.o   
c:\nxp\LPCXpresso_8.2.2_650\lpcxpresso\tools\bin\arm-none-eabi-ar.exe: creating libFreeRTOS_Library.a
Finished building target: libFreeRTOS_Library.a
 
make --no-print-directory post-build
Performing post-build steps
arm-none-eabi-size libFreeRTOS_Library.a ; # arm-none-eabi-objdump -h -S libFreeRTOS_Library.a >libFreeRTOS_Library.lss
   text	   data	    bss	    dec	    hex	filename
    300	      0	  10268	  10568	   2948	heap_2.o (ex libFreeRTOS_Library.a)
    304	      4	      0	    308	    134	port.o (ex libFreeRTOS_Library.a)
     88	      0	     50	    138	     8a	basic_io.o (ex libFreeRTOS_Library.a)
     20	      0	      0	     20	     14	consoleprint.o (ex libFreeRTOS_Library.a)
    156	      0	      0	    156	     9c	list.o (ex libFreeRTOS_Library.a)
   1184	      0	      0	   1184	    4a0	queue.o (ex libFreeRTOS_Library.a)
   2673	      0	    256	   2929	    b71	tasks.o (ex libFreeRTOS_Library.a)
 
15:49:19 **** Incremental Build of configuration Debug for project CMSISv2p00_LPC17xx ****
make -r all 
make: Nothing to be done for `all'.
15:49:19 **** Incremental Build of configuration Debug for project FreeRTOS_Library ****
make -r all 
make: Nothing to be done for `all'.
15:49:20 **** Build of configuration Debug for project Example02 ****
make -r all 
Building file: ../cr_startup_lpc17.c
Invoking: MCU C Compiler
arm-none-eabi-gcc -DDEBUG -D__USE_CMSIS=CMSISv2p00_LPC17xx -D__CODE_RED -D__REDLIB__ -I"C:\Users\samuelpereira\Documents\LPCXpresso_8.2.2_650\workspace_FreeRTOS\FreeRTOS_Library" -I"C:\Users\samuelpereira\Documents\LPCXpresso_8.2.2_650\workspace_FreeRTOS\CMSISv2p00_LPC17xx\inc" -I"C:\Users\samuelpereira\Documents\LPCXpresso_8.2.2_650\workspace_FreeRTOS\FreeRTOS_Library\demo_code" -I"C:\Users\samuelpereira\Documents\LPCXpresso_8.2.2_650\workspace_FreeRTOS\FreeRTOS_Library\include" -I"C:\Users\samuelpereira\Documents\LPCXpresso_8.2.2_650\workspace_FreeRTOS\FreeRTOS_Library\portable" -O0 -g3 -fsigned-char -c -fmessage-length=0 -fno-builtin -ffunction-sections -mcpu=cortex-m3 -mthumb -D__REDLIB__ -specs=redlib.specs -MMD -MP -MF"cr_startup_lpc17.d" -MT"cr_startup_lpc17.o" -MT"cr_startup_lpc17.d" -o "cr_startup_lpc17.o" "../cr_startup_lpc17.c"
Finished building: ../cr_startup_lpc17.c
 
Building file: ../main.c
Invoking: MCU C Compiler
arm-none-eabi-gcc -DDEBUG -D__USE_CMSIS=CMSISv2p00_LPC17xx -D__CODE_RED -D__REDLIB__ -I"C:\Users\samuelpereira\Documents\LPCXpresso_8.2.2_650\workspace_FreeRTOS\FreeRTOS_Library" -I"C:\Users\samuelpereira\Documents\LPCXpresso_8.2.2_650\workspace_FreeRTOS\CMSISv2p00_LPC17xx\inc" -I"C:\Users\samuelpereira\Documents\LPCXpresso_8.2.2_650\workspace_FreeRTOS\FreeRTOS_Library\demo_code" -I"C:\Users\samuelpereira\Documents\LPCXpresso_8.2.2_650\workspace_FreeRTOS\FreeRTOS_Library\include" -I"C:\Users\samuelpereira\Documents\LPCXpresso_8.2.2_650\workspace_FreeRTOS\FreeRTOS_Library\portable" -O0 -g3 -fsigned-char -c -fmessage-length=0 -fno-builtin -ffunction-sections -mcpu=cortex-m3 -mthumb -D__REDLIB__ -specs=redlib.specs -MMD -MP -MF"main.d" -MT"main.o" -MT"main.d" -o "main.o" "../main.c"
Finished building: ../main.c
 
Building target: Example02.axf
Invoking: MCU Linker
arm-none-eabi-gcc -nostdlib -L"C:\Users\samuelpereira\Documents\LPCXpresso_8.2.2_650\workspace_FreeRTOS\CMSISv2p00_LPC17xx\Debug" -L"C:\Users\samuelpereira\Documents\LPCXpresso_8.2.2_650\workspace_FreeRTOS\FreeRTOS_Library\Debug" -Xlinker --gc-sections -Xlinker -Map=Example02.map -mcpu=cortex-m3 -mthumb -T "Example02_Debug.ld" -o "Example02.axf"  ./cr_startup_lpc17.o ./main.o   -lCMSISv2p00_LPC17xx -lFreeRTOS_Library
Finished building target: Example02.axf
 
make --no-print-directory post-build
Performing post-build steps
arm-none-eabi-size Example02.axf; # arm-none-eabi-objcopy -O ihex Example02.axf Example02.hex ;
   text	   data	    bss	    dec	    hex	filename
  14640	     12	  10916	  25568	   63e0	Example02.axf
 
15:49:28 **** Build of configuration Debug for project CMSISv2p00_LPC17xx ****
make -r all 
make: Nothing to be done for `all'.
15:49:29 **** Build of configuration Debug for project FreeRTOS_Library ****
make -r all 
make: Nothing to be done for `all'.
15:49:30 **** Build of configuration Debug for project Example16 ****
make -r all 
Building file: ../cr_startup_lpc17.c
Invoking: MCU C Compiler
arm-none-eabi-gcc -DDEBUG -D__USE_CMSIS=CMSISv2p00_LPC17xx -D__CODE_RED -D__REDLIB__ -I"C:\Users\samuelpereira\Documents\LPCXpresso_8.2.2_650\workspace_FreeRTOS\FreeRTOS_Library" -I"C:\Users\samuelpereira\Documents\LPCXpresso_8.2.2_650\workspace_FreeRTOS\CMSISv2p00_LPC17xx\inc" -I"C:\Users\samuelpereira\Documents\LPCXpresso_8.2.2_650\workspace_FreeRTOS\FreeRTOS_Library\demo_code" -I"C:\Users\samuelpereira\Documents\LPCXpresso_8.2.2_650\workspace_FreeRTOS\FreeRTOS_Library\include" -I"C:\Users\samuelpereira\Documents\LPCXpresso_8.2.2_650\workspace_FreeRTOS\FreeRTOS_Library\portable" -O0 -g3 -fsigned-char -c -fmessage-length=0 -fno-builtin -ffunction-sections -mcpu=cortex-m3 -mthumb -D__REDLIB__ -specs=redlib.specs -MMD -MP -MF"cr_startup_lpc17.d" -MT"cr_startup_lpc17.o" -MT"cr_startup_lpc17.d" -o "cr_startup_lpc17.o" "../cr_startup_lpc17.c"
Finished building: ../cr_startup_lpc17.c
 
Building file: ../main.c
Invoking: MCU C Compiler
arm-none-eabi-gcc -DDEBUG -D__USE_CMSIS=CMSISv2p00_LPC17xx -D__CODE_RED -D__REDLIB__ -I"C:\Users\samuelpereira\Documents\LPCXpresso_8.2.2_650\workspace_FreeRTOS\FreeRTOS_Library" -I"C:\Users\samuelpereira\Documents\LPCXpresso_8.2.2_650\workspace_FreeRTOS\CMSISv2p00_LPC17xx\inc" -I"C:\Users\samuelpereira\Documents\LPCXpresso_8.2.2_650\workspace_FreeRTOS\FreeRTOS_Library\demo_code" -I"C:\Users\samuelpereira\Documents\LPCXpresso_8.2.2_650\workspace_FreeRTOS\FreeRTOS_Library\include" -I"C:\Users\samuelpereira\Documents\LPCXpresso_8.2.2_650\workspace_FreeRTOS\FreeRTOS_Library\portable" -O0 -g3 -fsigned-char -c -fmessage-length=0 -fno-builtin -ffunction-sections -mcpu=cortex-m3 -mthumb -D__REDLIB__ -specs=redlib.specs -MMD -MP -MF"main.d" -MT"main.o" -MT"main.d" -o "main.o" "../main.c"
../main.c: In function 'prvStdioGatekeeperTask':
../main.c:122:3: warning: implicit declaration of function 'consoleprint' [-Wimplicit-function-declaration]
   consoleprint( cBuffer );
   ^
Finished building: ../main.c
 
Building target: Example16.axf
Invoking: MCU Linker
arm-none-eabi-gcc -nostdlib -L"C:\Users\samuelpereira\Documents\LPCXpresso_8.2.2_650\workspace_FreeRTOS\CMSISv2p00_LPC17xx\Debug" -L"C:\Users\samuelpereira\Documents\LPCXpresso_8.2.2_650\workspace_FreeRTOS\FreeRTOS_Library\Debug" -Xlinker --gc-sections -Xlinker -Map=Example16.map -mcpu=cortex-m3 -mthumb -T "Example16_Debug.ld" -o "Example16.axf"  ./cr_startup_lpc17.o ./main.o   -lCMSISv2p00_LPC17xx -lFreeRTOS_Library
Finished building target: Example16.axf
 
make --no-print-directory post-build
Performing post-build steps
arm-none-eabi-size Example16.axf; # arm-none-eabi-objcopy -O ihex Example16.axf Example16.hex ;
   text	   data	    bss	    dec	    hex	filename
  16200	    244	  10952	  27396	   6b04	Example16.axf
 
15:49:33 **** Build of configuration Debug for project Example15 ****
make -r all 
Building file: ../cr_startup_lpc17.c
Invoking: MCU C Compiler
arm-none-eabi-gcc -DDEBUG -D__USE_CMSIS=CMSISv2p00_LPC17xx -D__CODE_RED -D__REDLIB__ -I"C:\Users\samuelpereira\Documents\LPCXpresso_8.2.2_650\workspace_FreeRTOS\FreeRTOS_Library" -I"C:\Users\samuelpereira\Documents\LPCXpresso_8.2.2_650\workspace_FreeRTOS\CMSISv2p00_LPC17xx\inc" -I"C:\Users\samuelpereira\Documents\LPCXpresso_8.2.2_650\workspace_FreeRTOS\FreeRTOS_Library\demo_code" -I"C:\Users\samuelpereira\Documents\LPCXpresso_8.2.2_650\workspace_FreeRTOS\FreeRTOS_Library\include" -I"C:\Users\samuelpereira\Documents\LPCXpresso_8.2.2_650\workspace_FreeRTOS\FreeRTOS_Library\portable" -O0 -g3 -fsigned-char -c -fmessage-length=0 -fno-builtin -ffunction-sections -mcpu=cortex-m3 -mthumb -D__REDLIB__ -specs=redlib.specs -MMD -MP -MF"cr_startup_lpc17.d" -MT"cr_startup_lpc17.o" -MT"cr_startup_lpc17.d" -o "cr_startup_lpc17.o" "../cr_startup_lpc17.c"
Finished building: ../cr_startup_lpc17.c
 
Building file: ../main.c
Invoking: MCU C Compiler
arm-none-eabi-gcc -DDEBUG -D__USE_CMSIS=CMSISv2p00_LPC17xx -D__CODE_RED -D__REDLIB__ -I"C:\Users\samuelpereira\Documents\LPCXpresso_8.2.2_650\workspace_FreeRTOS\FreeRTOS_Library" -I"C:\Users\samuelpereira\Documents\LPCXpresso_8.2.2_650\workspace_FreeRTOS\CMSISv2p00_LPC17xx\inc" -I"C:\Users\samuelpereira\Documents\LPCXpresso_8.2.2_650\workspace_FreeRTOS\FreeRTOS_Library\demo_code" -I"C:\Users\samuelpereira\Documents\LPCXpresso_8.2.2_650\workspace_FreeRTOS\FreeRTOS_Library\include" -I"C:\Users\samuelpereira\Documents\LPCXpresso_8.2.2_650\workspace_FreeRTOS\FreeRTOS_Library\portable" -O0 -g3 -fsigned-char -c -fmessage-length=0 -fno-builtin -ffunction-sections -mcpu=cortex-m3 -mthumb -D__REDLIB__ -specs=redlib.specs -MMD -MP -MF"main.d" -MT"main.o" -MT"main.d" -o "main.o" "../main.c"
../main.c: In function 'prvNewPrintString':
../main.c:107:3: warning: implicit declaration of function 'consoleprint' [-Wimplicit-function-declaration]
   consoleprint( cBuffer );
   ^
Finished building: ../main.c
 
Building target: Example15.axf
Invoking: MCU Linker
arm-none-eabi-gcc -nostdlib -L"C:\Users\samuelpereira\Documents\LPCXpresso_8.2.2_650\workspace_FreeRTOS\FreeRTOS_Library\Debug" -L"C:\Users\samuelpereira\Documents\LPCXpresso_8.2.2_650\workspace_FreeRTOS\CMSISv2p00_LPC17xx\Debug" -Xlinker --gc-sections -Xlinker -Map=Example15.map -mcpu=cortex-m3 -mthumb -T "Example15_Debug.ld" -o "Example15.axf"  ./cr_startup_lpc17.o ./main.o   -lCMSISv2p00_LPC17xx -lFreeRTOS_Library
Finished building target: Example15.axf
 
make --no-print-directory post-build
Performing post-build steps
arm-none-eabi-size Example15.axf; # arm-none-eabi-objcopy -O ihex Example15.axf Example15.hex ;
   text	   data	    bss	    dec	    hex	filename
[...]
Finished building: ../main.c
 
Building target: Example08.axf
Invoking: MCU Linker
arm-none-eabi-gcc -nostdlib -L"C:\Users\samuelpereira\Documents\LPCXpresso_8.2.2_650\workspace_FreeRTOS\CMSISv2p00_LPC17xx\Debug" -L"C:\Users\samuelpereira\Documents\LPCXpresso_8.2.2_650\workspace_FreeRTOS\FreeRTOS_Library\Debug" -Xlinker --gc-sections -Xlinker -Map=Example08.map -mcpu=cortex-m3 -mthumb -T "Example08_Debug.ld" -o "Example08.axf"  ./cr_startup_lpc17.o ./main.o   -lCMSISv2p00_LPC17xx -lFreeRTOS_Library
Finished building target: Example08.axf
 
make --no-print-directory post-build
Performing post-build steps
arm-none-eabi-size Example08.axf; # arm-none-eabi-objcopy -O ihex Example08.axf Example08.hex ;
   text	   data	    bss	    dec	    hex	filename
  14768	      4	  10920	  25692	   645c	Example08.axf
 
15:52:28 **** Build of configuration Debug for project Example07 ****
make -r all 
Building file: ../cr_startup_lpc17.c
Invoking: MCU C Compiler
arm-none-eabi-gcc -DDEBUG -D__USE_CMSIS=CMSISv2p00_LPC17xx -D__CODE_RED -D__REDLIB__ -I"C:\Users\samuelpereira\Documents\LPCXpresso_8.2.2_650\workspace_FreeRTOS\FreeRTOS_Library" -I"C:\Users\samuelpereira\Documents\LPCXpresso_8.2.2_650\workspace_FreeRTOS\CMSISv2p00_LPC17xx\inc" -I"C:\Users\samuelpereira\Documents\LPCXpresso_8.2.2_650\workspace_FreeRTOS\FreeRTOS_Library\demo_code" -I"C:\Users\samuelpereira\Documents\LPCXpresso_8.2.2_650\workspace_FreeRTOS\FreeRTOS_Library\include" -I"C:\Users\samuelpereira\Documents\LPCXpresso_8.2.2_650\workspace_FreeRTOS\FreeRTOS_Library\portable" -O0 -g3 -fsigned-char -c -fmessage-length=0 -fno-builtin -ffunction-sections -mcpu=cortex-m3 -mthumb -D__REDLIB__ -specs=redlib.specs -MMD -MP -MF"cr_startup_lpc17.d" -MT"cr_startup_lpc17.o" -MT"cr_startup_lpc17.d" -o "cr_startup_lpc17.o" "../cr_startup_lpc17.c"
Finished building: ../cr_startup_lpc17.c
 
Building file: ../main.c
Invoking: MCU C Compiler
arm-none-eabi-gcc -DDEBUG -D__USE_CMSIS=CMSISv2p00_LPC17xx -D__CODE_RED -D__REDLIB__ -I"C:\Users\samuelpereira\Documents\LPCXpresso_8.2.2_650\workspace_FreeRTOS\FreeRTOS_Library" -I"C:\Users\samuelpereira\Documents\LPCXpresso_8.2.2_650\workspace_FreeRTOS\CMSISv2p00_LPC17xx\inc" -I"C:\Users\samuelpereira\Documents\LPCXpresso_8.2.2_650\workspace_FreeRTOS\FreeRTOS_Library\demo_code" -I"C:\Users\samuelpereira\Documents\LPCXpresso_8.2.2_650\workspace_FreeRTOS\FreeRTOS_Library\include" -I"C:\Users\samuelpereira\Documents\LPCXpresso_8.2.2_650\workspace_FreeRTOS\FreeRTOS_Library\portable" -O0 -g3 -fsigned-char -c -fmessage-length=0 -fno-builtin -ffunction-sections -mcpu=cortex-m3 -mthumb -D__REDLIB__ -specs=redlib.specs -MMD -MP -MF"main.d" -MT"main.o" -MT"main.d" -o "main.o" "../main.c"
Finished building: ../main.c
 
Building target: Example07.axf
Invoking: MCU Linker
arm-none-eabi-gcc -nostdlib -L"C:\Users\samuelpereira\Documents\LPCXpresso_8.2.2_650\workspace_FreeRTOS\CMSISv2p00_LPC17xx\Debug" -L"C:\Users\samuelpereira\Documents\LPCXpresso_8.2.2_650\workspace_FreeRTOS\FreeRTOS_Library\Debug" -Xlinker --gc-sections -Xlinker -Map=Example07.map -mcpu=cortex-m3 -mthumb -T "Example07_Debug.ld" -o "Example07.axf"  ./cr_startup_lpc17.o ./main.o   -lCMSISv2p00_LPC17xx -lFreeRTOS_Library
Finished building target: Example07.axf
 
make --no-print-directory post-build
Performing post-build steps
arm-none-eabi-size Example07.axf; # arm-none-eabi-objcopy -O ihex Example07.axf Example07.hex ;
   text	   data	    bss	    dec	    hex	filename
  14688	     12	  10916	  25616	   6410	Example07.axf
 
15:52:31 **** Build of configuration Debug for project Example06 ****
make -r all 
Building file: ../cr_startup_lpc17.c
Invoking: MCU C Compiler
arm-none-eabi-gcc -DDEBUG -D__USE_CMSIS=CMSISv2p00_LPC17xx -D__CODE_RED -D__REDLIB__ -I"C:\Users\samuelpereira\Documents\LPCXpresso_8.2.2_650\workspace_FreeRTOS\FreeRTOS_Library" -I"C:\Users\samuelpereira\Documents\LPCXpresso_8.2.2_650\workspace_FreeRTOS\CMSISv2p00_LPC17xx\inc" -I"C:\Users\samuelpereira\Documents\LPCXpresso_8.2.2_650\workspace_FreeRTOS\FreeRTOS_Library\demo_code" -I"C:\Users\samuelpereira\Documents\LPCXpresso_8.2.2_650\workspace_FreeRTOS\FreeRTOS_Library\include" -I"C:\Users\samuelpereira\Documents\LPCXpresso_8.2.2_650\workspace_FreeRTOS\FreeRTOS_Library\portable" -O0 -g3 -fsigned-char -c -fmessage-length=0 -fno-builtin -ffunction-sections -mcpu=cortex-m3 -mthumb -D__REDLIB__ -specs=redlib.specs -MMD -MP -MF"cr_startup_lpc17.d" -MT"cr_startup_lpc17.o" -MT"cr_startup_lpc17.d" -o "cr_startup_lpc17.o" "../cr_startup_lpc17.c"
Finished building: ../cr_startup_lpc17.c
 
Building file: ../main.c
Invoking: MCU C Compiler
arm-none-eabi-gcc -DDEBUG -D__USE_CMSIS=CMSISv2p00_LPC17xx -D__CODE_RED -D__REDLIB__ -I"C:\Users\samuelpereira\Documents\LPCXpresso_8.2.2_650\workspace_FreeRTOS\FreeRTOS_Library" -I"C:\Users\samuelpereira\Documents\LPCXpresso_8.2.2_650\workspace_FreeRTOS\CMSISv2p00_LPC17xx\inc" -I"C:\Users\samuelpereira\Documents\LPCXpresso_8.2.2_650\workspace_FreeRTOS\FreeRTOS_Library\demo_code" -I"C:\Users\samuelpereira\Documents\LPCXpresso_8.2.2_650\workspace_FreeRTOS\FreeRTOS_Library\include" -I"C:\Users\samuelpereira\Documents\LPCXpresso_8.2.2_650\workspace_FreeRTOS\FreeRTOS_Library\portable" -O0 -g3 -fsigned-char -c -fmessage-length=0 -fno-builtin -ffunction-sections -mcpu=cortex-m3 -mthumb -D__REDLIB__ -specs=redlib.specs -MMD -MP -MF"main.d" -MT"main.o" -MT"main.d" -o "main.o" "../main.c"
Finished building: ../main.c
 
Building target: Example06.axf
Invoking: MCU Linker
arm-none-eabi-gcc -nostdlib -L"C:\Users\samuelpereira\Documents\LPCXpresso_8.2.2_650\workspace_FreeRTOS\CMSISv2p00_LPC17xx\Debug" -L"C:\Users\samuelpereira\Documents\LPCXpresso_8.2.2_650\workspace_FreeRTOS\FreeRTOS_Library\Debug" -Xlinker --gc-sections -Xlinker -Map=Example06.map -mcpu=cortex-m3 -mthumb -T "Example06_Debug.ld" -o "Example06.axf"  ./cr_startup_lpc17.o ./main.o   -lCMSISv2p00_LPC17xx -lFreeRTOS_Library
Finished building target: Example06.axf
 
make --no-print-directory post-build
Performing post-build steps
arm-none-eabi-size Example06.axf; # arm-none-eabi-objcopy -O ihex Example06.axf Example06.hex ;
   text	   data	    bss	    dec	    hex	filename
  14808	     16	  10916	  25740	   648c	Example06.axf
 
15:52:33 **** Build of configuration Debug for project Example05 ****
make -r all 
Building file: ../cr_startup_lpc17.c
Invoking: MCU C Compiler
arm-none-eabi-gcc -DDEBUG -D__USE_CMSIS=CMSISv2p00_LPC17xx -D__CODE_RED -D__REDLIB__ -I"C:\Users\samuelpereira\Documents\LPCXpresso_8.2.2_650\workspace_FreeRTOS\FreeRTOS_Library" -I"C:\Users\samuelpereira\Documents\LPCXpresso_8.2.2_650\workspace_FreeRTOS\CMSISv2p00_LPC17xx\inc" -I"C:\Users\samuelpereira\Documents\LPCXpresso_8.2.2_650\workspace_FreeRTOS\FreeRTOS_Library\demo_code" -I"C:\Users\samuelpereira\Documents\LPCXpresso_8.2.2_650\workspace_FreeRTOS\FreeRTOS_Library\include" -I"C:\Users\samuelpereira\Documents\LPCXpresso_8.2.2_650\workspace_FreeRTOS\FreeRTOS_Library\portable" -O0 -g3 -fsigned-char -c -fmessage-length=0 -fno-builtin -ffunction-sections -mcpu=cortex-m3 -mthumb -D__REDLIB__ -specs=redlib.specs -MMD -MP -MF"cr_startup_lpc17.d" -MT"cr_startup_lpc17.o" -MT"cr_startup_lpc17.d" -o "cr_startup_lpc17.o" "../cr_startup_lpc17.c"
Finished building: ../cr_startup_lpc17.c
 
Building file: ../main.c
Invoking: MCU C Compiler
arm-none-eabi-gcc -DDEBUG -D__USE_CMSIS=CMSISv2p00_LPC17xx -D__CODE_RED -D__REDLIB__ -I"C:\Users\samuelpereira\Documents\LPCXpresso_8.2.2_650\workspace_FreeRTOS\FreeRTOS_Library" -I"C:\Users\samuelpereira\Documents\LPCXpresso_8.2.2_650\workspace_FreeRTOS\CMSISv2p00_LPC17xx\inc" -I"C:\Users\samuelpereira\Documents\LPCXpresso_8.2.2_650\workspace_FreeRTOS\FreeRTOS_Library\demo_code" -I"C:\Users\samuelpereira\Documents\LPCXpresso_8.2.2_650\workspace_FreeRTOS\FreeRTOS_Library\include" -I"C:\Users\samuelpereira\Documents\LPCXpresso_8.2.2_650\workspace_FreeRTOS\FreeRTOS_Library\portable" -O0 -g3 -fsigned-char -c -fmessage-length=0 -fno-builtin -ffunction-sections -mcpu=cortex-m3 -mthumb -D__REDLIB__ -specs=redlib.specs -MMD -MP -MF"main.d" -MT"main.o" -MT"main.d" -o "main.o" "../main.c"
Finished building: ../main.c
 
Building target: Example05.axf
Invoking: MCU Linker
arm-none-eabi-gcc -nostdlib -L"C:\Users\samuelpereira\Documents\LPCXpresso_8.2.2_650\workspace_FreeRTOS\CMSISv2p00_LPC17xx\Debug" -L"C:\Users\samuelpereira\Documents\LPCXpresso_8.2.2_650\workspace_FreeRTOS\FreeRTOS_Library\Debug" -Xlinker --gc-sections -Xlinker -Map=Example05.map -mcpu=cortex-m3 -mthumb -T "Example05_Debug.ld" -o "Example05.axf"  ./cr_startup_lpc17.o ./main.o   -lCMSISv2p00_LPC17xx -lFreeRTOS_Library
Finished building target: Example05.axf
 
make --no-print-directory post-build
Performing post-build steps
arm-none-eabi-size Example05.axf; # arm-none-eabi-objcopy -O ihex Example05.axf Example05.hex ;
   text	   data	    bss	    dec	    hex	filename
  14632	     12	  10916	  25560	   63d8	Example05.axf
 
15:52:36 **** Build of configuration Debug for project Example04 ****
make -r all 
Building file: ../cr_startup_lpc17.c
Invoking: MCU C Compiler
arm-none-eabi-gcc -DDEBUG -D__USE_CMSIS=CMSISv2p00_LPC17xx -D__CODE_RED -D__REDLIB__ -I"C:\Users\samuelpereira\Documents\LPCXpresso_8.2.2_650\workspace_FreeRTOS\FreeRTOS_Library" -I"C:\Users\samuelpereira\Documents\LPCXpresso_8.2.2_650\workspace_FreeRTOS\CMSISv2p00_LPC17xx\inc" -I"C:\Users\samuelpereira\Documents\LPCXpresso_8.2.2_650\workspace_FreeRTOS\FreeRTOS_Library\demo_code" -I"C:\Users\samuelpereira\Documents\LPCXpresso_8.2.2_650\workspace_FreeRTOS\FreeRTOS_Library\include" -I"C:\Users\samuelpereira\Documents\LPCXpresso_8.2.2_650\workspace_FreeRTOS\FreeRTOS_Library\portable" -O0 -g3 -fsigned-char -c -fmessage-length=0 -fno-builtin -ffunction-sections -mcpu=cortex-m3 -mthumb -D__REDLIB__ -specs=redlib.specs -MMD -MP -MF"cr_startup_lpc17.d" -MT"cr_startup_lpc17.o" -MT"cr_startup_lpc17.d" -o "cr_startup_lpc17.o" "../cr_startup_lpc17.c"
Finished building: ../cr_startup_lpc17.c
 
Building file: ../main.c
Invoking: MCU C Compiler
arm-none-eabi-gcc -DDEBUG -D__USE_CMSIS=CMSISv2p00_LPC17xx -D__CODE_RED -D__REDLIB__ -I"C:\Users\samuelpereira\Documents\LPCXpresso_8.2.2_650\workspace_FreeRTOS\FreeRTOS_Library" -I"C:\Users\samuelpereira\Documents\LPCXpresso_8.2.2_650\workspace_FreeRTOS\CMSISv2p00_LPC17xx\inc" -I"C:\Users\samuelpereira\Documents\LPCXpresso_8.2.2_650\workspace_FreeRTOS\FreeRTOS_Library\demo_code" -I"C:\Users\samuelpereira\Documents\LPCXpresso_8.2.2_650\workspace_FreeRTOS\FreeRTOS_Library\include" -I"C:\Users\samuelpereira\Documents\LPCXpresso_8.2.2_650\workspace_FreeRTOS\FreeRTOS_Library\portable" -O0 -g3 -fsigned-char -c -fmessage-length=0 -fno-builtin -ffunction-sections -mcpu=cortex-m3 -mthumb -D__REDLIB__ -specs=redlib.specs -MMD -MP -MF"main.d" -MT"main.o" -MT"main.d" -o "main.o" "../main.c"
Finished building: ../main.c
 
Building target: Example04.axf
Invoking: MCU Linker
arm-none-eabi-gcc -nostdlib -L"C:\Users\samuelpereira\Documents\LPCXpresso_8.2.2_650\workspace_FreeRTOS\CMSISv2p00_LPC17xx\Debug" -L"C:\Users\samuelpereira\Documents\LPCXpresso_8.2.2_650\workspace_FreeRTOS\FreeRTOS_Library\Debug" -Xlinker --gc-sections -Xlinker -Map=Example04.map -mcpu=cortex-m3 -mthumb -T "Example04_Debug.ld" -o "Example04.axf"  ./cr_startup_lpc17.o ./main.o   -lCMSISv2p00_LPC17xx -lFreeRTOS_Library
Finished building target: Example04.axf
 
make --no-print-directory post-build
Performing post-build steps
arm-none-eabi-size Example04.axf; # arm-none-eabi-objcopy -O ihex Example04.axf Example04.hex ;
   text	   data	    bss	    dec	    hex	filename
  14624	     12	  10916	  25552	   63d0	Example04.axf
 
15:52:38 **** Build of configuration Debug for project Example03 ****
make -r all 
Building file: ../cr_startup_lpc17.c
Invoking: MCU C Compiler
arm-none-eabi-gcc -DDEBUG -D__USE_CMSIS=CMSISv2p00_LPC17xx -D__CODE_RED -D__REDLIB__ -I"C:\Users\samuelpereira\Documents\LPCXpresso_8.2.2_650\workspace_FreeRTOS\FreeRTOS_Library" -I"C:\Users\samuelpereira\Documents\LPCXpresso_8.2.2_650\workspace_FreeRTOS\CMSISv2p00_LPC17xx\inc" -I"C:\Users\samuelpereira\Documents\LPCXpresso_8.2.2_650\workspace_FreeRTOS\FreeRTOS_Library\demo_code" -I"C:\Users\samuelpereira\Documents\LPCXpresso_8.2.2_650\workspace_FreeRTOS\FreeRTOS_Library\include" -I"C:\Users\samuelpereira\Documents\LPCXpresso_8.2.2_650\workspace_FreeRTOS\FreeRTOS_Library\portable" -O0 -g3 -fsigned-char -c -fmessage-length=0 -fno-builtin -ffunction-sections -mcpu=cortex-m3 -mthumb -D__REDLIB__ -specs=redlib.specs -MMD -MP -MF"cr_startup_lpc17.d" -MT"cr_startup_lpc17.o" -MT"cr_startup_lpc17.d" -o "cr_startup_lpc17.o" "../cr_startup_lpc17.c"
Finished building: ../cr_startup_lpc17.c
 
Building file: ../main.c
Invoking: MCU C Compiler
arm-none-eabi-gcc -DDEBUG -D__USE_CMSIS=CMSISv2p00_LPC17xx -D__CODE_RED -D__REDLIB__ -I"C:\Users\samuelpereira\Documents\LPCXpresso_8.2.2_650\workspace_FreeRTOS\FreeRTOS_Library" -I"C:\Users\samuelpereira\Documents\LPCXpresso_8.2.2_650\workspace_FreeRTOS\CMSISv2p00_LPC17xx\inc" -I"C:\Users\samuelpereira\Documents\LPCXpresso_8.2.2_650\workspace_FreeRTOS\FreeRTOS_Library\demo_code" -I"C:\Users\samuelpereira\Documents\LPCXpresso_8.2.2_650\workspace_FreeRTOS\FreeRTOS_Library\include" -I"C:\Users\samuelpereira\Documents\LPCXpresso_8.2.2_650\workspace_FreeRTOS\FreeRTOS_Library\portable" -O0 -g3 -fsigned-char -c -fmessage-length=0 -fno-builtin -ffunction-sections -mcpu=cortex-m3 -mthumb -D__REDLIB__ -specs=redlib.specs -MMD -MP -MF"main.d" -MT"main.o" -MT"main.d" -o "main.o" "../main.c"
Finished building: ../main.c
 
Building target: Example03.axf
Invoking: MCU Linker
arm-none-eabi-gcc -nostdlib -L"C:\Users\samuelpereira\Documents\LPCXpresso_8.2.2_650\workspace_FreeRTOS\CMSISv2p00_LPC17xx\Debug" -L"C:\Users\samuelpereira\Documents\LPCXpresso_8.2.2_650\workspace_FreeRTOS\FreeRTOS_Library\Debug" -Xlinker --gc-sections -Xlinker -Map=Example03.map -mcpu=cortex-m3 -mthumb -T "Example03_Debug.ld" -o "Example03.axf"  ./cr_startup_lpc17.o ./main.o   -lCMSISv2p00_LPC17xx -lFreeRTOS_Library
Finished building target: Example03.axf
 
make --no-print-directory post-build
Performing post-build steps
arm-none-eabi-size Example03.axf; # arm-none-eabi-objcopy -O ihex Example03.axf Example03.hex ;
   text	   data	    bss	    dec	    hex	filename
  14640	     12	  10916	  25568	   63e0	Example03.axf
 
15:52:41 **** Build of configuration Debug for project Example02 ****
make -r all 
Building file: ../cr_startup_lpc17.c
Invoking: MCU C Compiler
arm-none-eabi-gcc -DDEBUG -D__USE_CMSIS=CMSISv2p00_LPC17xx -D__CODE_RED -D__REDLIB__ -I"C:\Users\samuelpereira\Documents\LPCXpresso_8.2.2_650\workspace_FreeRTOS\FreeRTOS_Library" -I"C:\Users\samuelpereira\Documents\LPCXpresso_8.2.2_650\workspace_FreeRTOS\CMSISv2p00_LPC17xx\inc" -I"C:\Users\samuelpereira\Documents\LPCXpresso_8.2.2_650\workspace_FreeRTOS\FreeRTOS_Library\demo_code" -I"C:\Users\samuelpereira\Documents\LPCXpresso_8.2.2_650\workspace_FreeRTOS\FreeRTOS_Library\include" -I"C:\Users\samuelpereira\Documents\LPCXpresso_8.2.2_650\workspace_FreeRTOS\FreeRTOS_Library\portable" -O0 -g3 -fsigned-char -c -fmessage-length=0 -fno-builtin -ffunction-sections -mcpu=cortex-m3 -mthumb -D__REDLIB__ -specs=redlib.specs -MMD -MP -MF"cr_startup_lpc17.d" -MT"cr_startup_lpc17.o" -MT"cr_startup_lpc17.d" -o "cr_startup_lpc17.o" "../cr_startup_lpc17.c"
Finished building: ../cr_startup_lpc17.c
 
Building file: ../main.c
Invoking: MCU C Compiler
arm-none-eabi-gcc -DDEBUG -D__USE_CMSIS=CMSISv2p00_LPC17xx -D__CODE_RED -D__REDLIB__ -I"C:\Users\samuelpereira\Documents\LPCXpresso_8.2.2_650\workspace_FreeRTOS\FreeRTOS_Library" -I"C:\Users\samuelpereira\Documents\LPCXpresso_8.2.2_650\workspace_FreeRTOS\CMSISv2p00_LPC17xx\inc" -I"C:\Users\samuelpereira\Documents\LPCXpresso_8.2.2_650\workspace_FreeRTOS\FreeRTOS_Library\demo_code" -I"C:\Users\samuelpereira\Documents\LPCXpresso_8.2.2_650\workspace_FreeRTOS\FreeRTOS_Library\include" -I"C:\Users\samuelpereira\Documents\LPCXpresso_8.2.2_650\workspace_FreeRTOS\FreeRTOS_Library\portable" -O0 -g3 -fsigned-char -c -fmessage-length=0 -fno-builtin -ffunction-sections -mcpu=cortex-m3 -mthumb -D__REDLIB__ -specs=redlib.specs -MMD -MP -MF"main.d" -MT"main.o" -MT"main.d" -o "main.o" "../main.c"
Finished building: ../main.c
 
Building target: Example02.axf
Invoking: MCU Linker
arm-none-eabi-gcc -nostdlib -L"C:\Users\samuelpereira\Documents\LPCXpresso_8.2.2_650\workspace_FreeRTOS\CMSISv2p00_LPC17xx\Debug" -L"C:\Users\samuelpereira\Documents\LPCXpresso_8.2.2_650\workspace_FreeRTOS\FreeRTOS_Library\Debug" -Xlinker --gc-sections -Xlinker -Map=Example02.map -mcpu=cortex-m3 -mthumb -T "Example02_Debug.ld" -o "Example02.axf"  ./cr_startup_lpc17.o ./main.o   -lCMSISv2p00_LPC17xx -lFreeRTOS_Library
Finished building target: Example02.axf
 
make --no-print-directory post-build
Performing post-build steps
arm-none-eabi-size Example02.axf; # arm-none-eabi-objcopy -O ihex Example02.axf Example02.hex ;
   text	   data	    bss	    dec	    hex	filename
  14640	     12	  10916	  25568	   63e0	Example02.axf
 
15:52:43 **** Build of configuration Debug for project Example01 ****
make -r all 
Building file: ../cr_startup_lpc17.c
Invoking: MCU C Compiler
arm-none-eabi-gcc -DDEBUG -D__USE_CMSIS=CMSISv2p00_LPC17xx -D__CODE_RED -D__REDLIB__ -I"C:\Users\samuelpereira\Documents\LPCXpresso_8.2.2_650\workspace_FreeRTOS\FreeRTOS_Library" -I"C:\Users\samuelpereira\Documents\LPCXpresso_8.2.2_650\workspace_FreeRTOS\FreeRTOS_Library\demo_code" -I"C:\Users\samuelpereira\Documents\LPCXpresso_8.2.2_650\workspace_FreeRTOS\CMSISv2p00_LPC17xx\inc" -I"C:\Users\samuelpereira\Documents\LPCXpresso_8.2.2_650\workspace_FreeRTOS\FreeRTOS_Library\include" -I"C:\Users\samuelpereira\Documents\LPCXpresso_8.2.2_650\workspace_FreeRTOS\FreeRTOS_Library\portable" -O1 -g3 -fsigned-char -c -fmessage-length=0 -fno-builtin -ffunction-sections -mcpu=cortex-m3 -mthumb -D__REDLIB__ -specs=redlib.specs -MMD -MP -MF"cr_startup_lpc17.d" -MT"cr_startup_lpc17.o" -MT"cr_startup_lpc17.d" -o "cr_startup_lpc17.o" "../cr_startup_lpc17.c"
Finished building: ../cr_startup_lpc17.c
 
Building file: ../main.c
Invoking: MCU C Compiler
arm-none-eabi-gcc -DDEBUG -D__USE_CMSIS=CMSISv2p00_LPC17xx -D__CODE_RED -D__REDLIB__ -I"C:\Users\samuelpereira\Documents\LPCXpresso_8.2.2_650\workspace_FreeRTOS\FreeRTOS_Library" -I"C:\Users\samuelpereira\Documents\LPCXpresso_8.2.2_650\workspace_FreeRTOS\FreeRTOS_Library\demo_code" -I"C:\Users\samuelpereira\Documents\LPCXpresso_8.2.2_650\workspace_FreeRTOS\CMSISv2p00_LPC17xx\inc" -I"C:\Users\samuelpereira\Documents\LPCXpresso_8.2.2_650\workspace_FreeRTOS\FreeRTOS_Library\include" -I"C:\Users\samuelpereira\Documents\LPCXpresso_8.2.2_650\workspace_FreeRTOS\FreeRTOS_Library\portable" -O1 -g3 -fsigned-char -c -fmessage-length=0 -fno-builtin -ffunction-sections -mcpu=cortex-m3 -mthumb -D__REDLIB__ -specs=redlib.specs -MMD -MP -MF"main.d" -MT"main.o" -MT"main.d" -o "main.o" "../main.c"
Finished building: ../main.c
 
Building target: Example01.axf
Invoking: MCU Linker
arm-none-eabi-gcc -nostdlib -L"C:\Users\samuelpereira\Documents\LPCXpresso_8.2.2_650\workspace_FreeRTOS\CMSISv2p00_LPC17xx\Debug" -L"C:\Users\samuelpereira\Documents\LPCXpresso_8.2.2_650\workspace_FreeRTOS\FreeRTOS_Library\Debug" -Xlinker --gc-sections -Xlinker -Map=Example01.map -mcpu=cortex-m3 -mthumb -T "Example01_Debug.ld" -o "Example01.axf"  ./cr_startup_lpc17.o ./main.o   -lCMSISv2p00_LPC17xx -lFreeRTOS_Library
Finished building target: Example01.axf
 
make --no-print-directory post-build
Performing post-build steps
arm-none-eabi-size Example01.axf; # arm-none-eabi-objcopy -O ihex Example01.axf Example01.hex ;
   text	   data	    bss	    dec	    hex	filename
  14792	      4	  10916	  25712	   6470	Example01.axf
 
